
Discarded input sections

 .group         0x00000000        0x8 sensor_params.c.o
 .group         0x00000000        0x8 sensor_params.c.o
 .group         0x00000000        0x8 sensor_params.c.o
 .group         0x00000000        0x8 sensor_params.c.o
 .group         0x00000000        0x8 sensor_params.c.o
 .debug_macro   0x00000000      0x8a6 sensor_params.c.o
 .debug_macro   0x00000000       0x10 sensor_params.c.o
 .debug_macro   0x00000000       0x88 sensor_params.c.o
 .debug_macro   0x00000000      0x14e sensor_params.c.o
 .debug_macro   0x00000000      0x125 sensor_params.c.o

Memory Configuration

Name             Origin             Length             Attributes
*default*        0x00000000         0xffffffff

Linker script and memory map

LOAD sensors.cpp.o
LOAD sensor_params.c.o

.interp
 *(.interp)

.note.gnu.build-id
 *(.note.gnu.build-id)

.hash
 *(.hash)

.gnu.hash
 *(.gnu.hash)

.dynsym
 *(.dynsym)

.dynstr
 *(.dynstr)

.gnu.version
 *(.gnu.version)

.gnu.version_d
 *(.gnu.version_d)

.gnu.version_r
 *(.gnu.version_r)

.rel.init
 *(.rel.init)

.rela.init
 *(.rela.init)

.rel.text
 *(.rel.text)

.rela.text
 *(.rela.text)

.rel.fini
 *(.rel.fini)

.rela.fini
 *(.rela.fini)

.rel.rodata
 *(.rel.rodata)

.rela.rodata
 *(.rela.rodata)

.rel.data.rel.ro
 *(.rel.data.rel.ro)

.rela.data.rel.ro
 *(.rela.data.rel.ro)

.rel.data
 *(.rel.data)

.rela.data
 *(.rela.data)

.rel.tdata
 *(.rel.tdata)

.rela.tdata
 *(.rela.tdata)

.rel.tbss
 *(.rel.tbss)

.rela.tbss
 *(.rela.tbss)

.rel.ctors
 *(.rel.ctors)

.rela.ctors
 *(.rela.ctors)

.rel.dtors
 *(.rel.dtors)

.rela.dtors
 *(.rela.dtors)

.rel.got
 *(.rel.got)

.rela.got
 *(.rela.got)

.rel.bss
 *(.rel.bss)

.rela.bss
 *(.rela.bss)

.rel.iplt
 *(.rel.iplt)

.rela.iplt
 *(.rela.iplt)

.rel.plt
 *(.rel.plt)

.rela.plt
 *(.rela.plt)

.init
 *(.init)

.plt
 *(.plt)

.iplt
 *(.iplt)

.text           0x00000000        0x0
 *(.text .stub)
 .text          0x00000000        0x0 sensors.cpp.o
 .text          0x00000000        0x0 sensor_params.c.o
 *(.gnu.warning)

.text._ZN4math10VectorBaseILj3EED2Ev
                0x00000000        0xc
 .text._ZN4math10VectorBaseILj3EED2Ev
                0x00000000        0xc sensors.cpp.o
                0x00000000                math::VectorBase<3u>::~VectorBase()
                0x00000000                math::VectorBase<3u>::~VectorBase()

.text._ZN4math10MatrixBaseILj3ELj3EED2Ev
                0x00000000        0xc
 .text._ZN4math10MatrixBaseILj3ELj3EED2Ev
                0x00000000        0xc sensors.cpp.o
                0x00000000                math::MatrixBase<3u, 3u>::~MatrixBase()
                0x00000000                math::MatrixBase<3u, 3u>::~MatrixBase()

.text._ZN4math6MatrixILj3ELj3EED2Ev
                0x00000000        0xc
 .text._ZN4math6MatrixILj3ELj3EED2Ev
                0x00000000        0xc sensors.cpp.o
                0x00000000                math::Matrix<3u, 3u>::~Matrix()
                0x00000000                math::Matrix<3u, 3u>::~Matrix()

.text._ZN4math6VectorILj3EED2Ev
                0x00000000        0xc
 .text._ZN4math6VectorILj3EED2Ev
                0x00000000        0xc sensors.cpp.o
                0x00000000                math::Vector<3u>::~Vector()
                0x00000000                math::Vector<3u>::~Vector()

.text._ZN4math6VectorILj3EED0Ev
                0x00000000       0x14
 .text._ZN4math6VectorILj3EED0Ev
                0x00000000       0x14 sensors.cpp.o
                0x00000000                math::Vector<3u>::~Vector()

.text._ZN4math6MatrixILj3ELj3EED0Ev
                0x00000000       0x14
 .text._ZN4math6MatrixILj3ELj3EED0Ev
                0x00000000       0x14 sensors.cpp.o
                0x00000000                math::Matrix<3u, 3u>::~Matrix()

.text._ZN4math10MatrixBaseILj3ELj3EED0Ev
                0x00000000       0x14
 .text._ZN4math10MatrixBaseILj3ELj3EED0Ev
                0x00000000       0x14 sensors.cpp.o
                0x00000000                math::MatrixBase<3u, 3u>::~MatrixBase()

.text._ZN4math10VectorBaseILj3EED0Ev
                0x00000000       0x14
 .text._ZN4math10VectorBaseILj3EED0Ev
                0x00000000       0x14 sensors.cpp.o
                0x00000000                math::VectorBase<3u>::~VectorBase()

.text._ZN4math6VectorILj3EEaSERKS1_
                0x00000000        0xe
 .text._ZN4math6VectorILj3EEaSERKS1_
                0x00000000        0xe sensors.cpp.o
                0x00000000                math::Vector<3u>::operator=(math::Vector<3u> const&)

.text._ZN4math6MatrixILj3ELj3EEC2Ev
                0x00000000       0x30
 .text._ZN4math6MatrixILj3ELj3EEC2Ev
                0x00000000       0x30 sensors.cpp.o
                0x00000000                math::Matrix<3u, 3u>::Matrix()
                0x00000000                math::Matrix<3u, 3u>::Matrix()

.text._ZN7SensorsD2Ev
                0x00000000       0x5c
 .text._ZN7SensorsD2Ev
                0x00000000       0x5c sensors.cpp.o
                0x00000000                Sensors::~Sensors()
                0x00000000                Sensors::~Sensors()

.text._ZN7Sensors17parameters_updateEv
                0x00000000      0x6a0
 .text._ZN7Sensors17parameters_updateEv
                0x00000000      0x6a0 sensors.cpp.o
                0x00000000                Sensors::parameters_update()

.text._ZN7SensorsC2Ev
                0x00000000      0x350
 .text._ZN7SensorsC2Ev
                0x00000000      0x350 sensors.cpp.o
                0x00000000                Sensors::Sensors()
                0x00000000                Sensors::Sensors()

.text._ZN7Sensors10accel_initEv
                0x00000000       0x48
 .text._ZN7Sensors10accel_initEv
                0x00000000       0x48 sensors.cpp.o
                0x00000000                Sensors::accel_init()

.text._ZN7Sensors9gyro_initEv
                0x00000000       0x44
 .text._ZN7Sensors9gyro_initEv
                0x00000000       0x44 sensors.cpp.o
                0x00000000                Sensors::gyro_init()

.text._ZN7Sensors8mag_initEv
                0x00000000       0x6c
 .text._ZN7Sensors8mag_initEv
                0x00000000       0x6c sensors.cpp.o
                0x00000000                Sensors::mag_init()

.text._ZN7Sensors9baro_initEv
                0x00000000       0x38
 .text._ZN7Sensors9baro_initEv
                0x00000000       0x38 sensors.cpp.o
                0x00000000                Sensors::baro_init()

.text._ZN7Sensors8adc_initEv
                0x00000000       0x2c
 .text._ZN7Sensors8adc_initEv
                0x00000000       0x2c sensors.cpp.o
                0x00000000                Sensors::adc_init()

.text._ZN7Sensors9baro_pollER17sensor_combined_s
                0x00000000       0x94
 .text._ZN7Sensors9baro_pollER17sensor_combined_s
                0x00000000       0x94 sensors.cpp.o
                0x00000000                Sensors::baro_poll(sensor_combined_s&)

.text._ZN7Sensors14diff_pres_pollER17sensor_combined_s
                0x00000000       0xf4
 .text._ZN7Sensors14diff_pres_pollER17sensor_combined_s
                0x00000000       0xf4 sensors.cpp.o
                0x00000000                Sensors::diff_pres_poll(sensor_combined_s&)

.text._ZN7Sensors25vehicle_control_mode_pollEv
                0x00000000       0x44
 .text._ZN7Sensors25vehicle_control_mode_pollEv
                0x00000000       0x44 sensors.cpp.o
                0x00000000                Sensors::vehicle_control_mode_poll()

.text._ZN7Sensors21parameter_update_pollEb
                0x00000000      0x604
 .text._ZN7Sensors21parameter_update_pollEb
                0x00000000      0x604 sensors.cpp.o
                0x00000000                Sensors::parameter_update_poll(bool)

.text._ZN7Sensors21rc_parameter_map_pollEb
                0x00000000       0xd0
 .text._ZN7Sensors21rc_parameter_map_pollEb
                0x00000000       0xd0 sensors.cpp.o
                0x00000000                Sensors::rc_parameter_map_poll(bool)

.text._ZN7Sensors8adc_pollER17sensor_combined_s
                0x00000000      0x298
 .text._ZN7Sensors8adc_pollER17sensor_combined_s
                0x00000000      0x298 sensors.cpp.o
                0x00000000                Sensors::adc_poll(sensor_combined_s&)

.text._ZN7Sensors12get_rc_valueEhff
                0x00000000       0x3c
 .text._ZN7Sensors12get_rc_valueEhff
                0x00000000       0x3c sensors.cpp.o
                0x00000000                Sensors::get_rc_value(unsigned char, float, float)

.text._ZN7Sensors22get_rc_sw3pos_positionEhfbfb
                0x00000000       0x66
 .text._ZN7Sensors22get_rc_sw3pos_positionEhfbfb
                0x00000000       0x66 sensors.cpp.o
                0x00000000                Sensors::get_rc_sw3pos_position(unsigned char, float, bool, float, bool)

.text._ZN7Sensors22get_rc_sw2pos_positionEhfb
                0x00000000       0x44
 .text._ZN7Sensors22get_rc_sw2pos_positionEhfb
                0x00000000       0x44 sensors.cpp.o
                0x00000000                Sensors::get_rc_sw2pos_position(unsigned char, float, bool)

.text._ZN7Sensors18set_params_from_rcEv
                0x00000000       0x9c
 .text._ZN7Sensors18set_params_from_rcEv
                0x00000000       0x9c sensors.cpp.o
                0x00000000                Sensors::set_params_from_rc()

.text._ZN7Sensors7rc_pollEv
                0x00000000      0x3f8
 .text._ZN7Sensors7rc_pollEv
                0x00000000      0x3f8 sensors.cpp.o
                0x00000000                Sensors::rc_poll()

.text._ZN7Sensors5startEv
                0x00000000       0x50
 .text._ZN7Sensors5startEv
                0x00000000       0x50 sensors.cpp.o
                0x00000000                Sensors::start()

.text.sensors_main
                0x00000000       0xdc
 .text.sensors_main
                0x00000000       0xdc sensors.cpp.o
                0x00000000                sensors_main

.text._ZN4math10VectorBaseILj3EEC2Ev
                0x00000000       0x28
 .text._ZN4math10VectorBaseILj3EEC2Ev
                0x00000000       0x28 sensors.cpp.o
                0x00000000                math::VectorBase<3u>::VectorBase()
                0x00000000                math::VectorBase<3u>::VectorBase()

.text._ZNK4math6MatrixILj3ELj3EEmlERKNS_6VectorILj3EEE
                0x00000000       0x7c
 .text._ZNK4math6MatrixILj3ELj3EEmlERKNS_6VectorILj3EEE
                0x00000000       0x7c sensors.cpp.o
                0x00000000                math::Matrix<3u, 3u>::operator*(math::Vector<3u> const&) const

.text._ZN7Sensors8mag_pollER17sensor_combined_s
                0x00000000      0x19c
 .text._ZN7Sensors8mag_pollER17sensor_combined_s
                0x00000000      0x19c sensors.cpp.o
                0x00000000                Sensors::mag_poll(sensor_combined_s&)

.text._ZN7Sensors9gyro_pollER17sensor_combined_s
                0x00000000      0x190
 .text._ZN7Sensors9gyro_pollER17sensor_combined_s
                0x00000000      0x190 sensors.cpp.o
                0x00000000                Sensors::gyro_poll(sensor_combined_s&)

.text._ZN7Sensors10accel_pollER17sensor_combined_s
                0x00000000      0x194
 .text._ZN7Sensors10accel_pollER17sensor_combined_s
                0x00000000      0x194 sensors.cpp.o
                0x00000000                Sensors::accel_poll(sensor_combined_s&)

.text._ZN7Sensors9task_mainEv
                0x00000000      0x2a0
 .text._ZN7Sensors9task_mainEv
                0x00000000      0x2a0 sensors.cpp.o
                0x00000000                Sensors::task_main()

.text._ZN7Sensors20task_main_trampolineEiPPc
                0x00000000       0x10
 .text._ZN7Sensors20task_main_trampolineEiPPc
                0x00000000       0x10 sensors.cpp.o
                0x00000000                Sensors::task_main_trampoline(int, char**)

.fini
 *(.fini)

.rodata
 *(.rodata)

.rodata._ZTVN4math6MatrixILj3ELj3EEE
                0x00000000       0x10
 .rodata._ZTVN4math6MatrixILj3ELj3EEE
                0x00000000       0x10 sensors.cpp.o
                0x00000000                vtable for math::Matrix<3u, 3u>

.rodata._ZTVN4math10MatrixBaseILj3ELj3EEE
                0x00000000       0x10
 .rodata._ZTVN4math10MatrixBaseILj3ELj3EEE
                0x00000000       0x10 sensors.cpp.o
                0x00000000                vtable for math::MatrixBase<3u, 3u>

.rodata._ZTVN4math6VectorILj3EEE
                0x00000000       0x10
 .rodata._ZTVN4math6VectorILj3EEE
                0x00000000       0x10 sensors.cpp.o
                0x00000000                vtable for math::Vector<3u>

.rodata._ZTVN4math10VectorBaseILj3EEE
                0x00000000       0x10
 .rodata._ZTVN4math10VectorBaseILj3EEE
                0x00000000       0x10 sensors.cpp.o
                0x00000000                vtable for math::VectorBase<3u>

.rodata.str1.1  0x00000000     0x1101
 .rodata.str1.1
                0x00000000      0x7db sensors.cpp.o
 .rodata.str1.1
                0x000007db      0x926 sensor_params.c.o

__param         0x00000000      0x954
                0x00000000                . = ALIGN (0x4)
                0x00000000                PROVIDE (__start___param, ABSOLUTE (.))
 __param        0x00000000      0x954 sensor_params.c.o
                0x00000954                PROVIDE (__stop___param, .)

.rodata1
 *(.rodata1)

.ARM.extab
 *(.ARM.extab)

.ARM.exidx
 *(.ARM.exidx)

.eh_frame_hdr
 *(.eh_frame_hdr)

.eh_frame
 *(.eh_frame)

.gcc_except_table
 *(.gcc_except_table .gcc_except_table.*)

.exception_ranges
 *(.exception_ranges .exception_ranges*)

.eh_frame
 *(.eh_frame)

.gcc_except_table
 *(.gcc_except_table .gcc_except_table.*)

.exception_ranges
 *(.exception_ranges .exception_ranges*)

.tdata
 *(.tdata)

.tbss
 *(.tbss)

.preinit_array
 *(.preinit_array)

.jcr
 *(.jcr)

.dynamic
 *(.dynamic)

.got
 *(.got.plt)
 *(.igot.plt)
 *(.got)
 *(.igot)

.data           0x00000000        0x0
 *(.data)
 .data          0x00000000        0x0 sensors.cpp.o
 .data          0x00000000        0x0 sensor_params.c.o

.data1
 *(.data1)

.bss            0x00000000        0x0
 *(.dynbss)
 *(.bss)
 .bss           0x00000000        0x0 sensors.cpp.o
 .bss           0x00000000        0x0 sensor_params.c.o
 *(COMMON)

.bss._ZZN7Sensors7rc_pollEvE25last_rc_to_param_map_time
                0x00000000        0x8
 .bss._ZZN7Sensors7rc_pollEvE25last_rc_to_param_map_time
                0x00000000        0x8 sensors.cpp.o

.bss._ZZN7Sensors18set_params_from_rcEvE15param_rc_values
                0x00000000        0xc
 .bss._ZZN7Sensors18set_params_from_rcEvE15param_rc_values
                0x00000000        0xc sensors.cpp.o

.bss._ZN7sensors9g_sensorsE
                0x00000000        0x4
 .bss._ZN7sensors9g_sensorsE
                0x00000000        0x4 sensors.cpp.o
                0x00000000                sensors::g_sensors

.stab
 *(.stab)

.stabstr
 *(.stabstr)

.stab.excl
 *(.stab.excl)

.stab.exclstr
 *(.stab.exclstr)

.stab.index
 *(.stab.index)

.stab.indexstr
 *(.stab.indexstr)

.comment        0x00000000       0xe2
 *(.comment)
 .comment       0x00000000       0x71 sensors.cpp.o
 .comment       0x00000071       0x71 sensor_params.c.o

.group          0x00000000        0x8
 .group         0x00000000        0x8 sensors.cpp.o

.group          0x00000000        0x8
 .group         0x00000000        0x8 sensors.cpp.o

.group          0x00000000        0x8
 .group         0x00000000        0x8 sensors.cpp.o

.group          0x00000000        0x8
 .group         0x00000000        0x8 sensors.cpp.o

.group          0x00000000        0x8
 .group         0x00000000        0x8 sensors.cpp.o

.group          0x00000000        0x8
 .group         0x00000000        0x8 sensors.cpp.o

.group          0x00000000        0x8
 .group         0x00000000        0x8 sensors.cpp.o

.group          0x00000000        0x8
 .group         0x00000000        0x8 sensors.cpp.o

.group          0x00000000        0x8
 .group         0x00000000        0x8 sensors.cpp.o

.group          0x00000000        0x8
 .group         0x00000000        0x8 sensors.cpp.o

.group          0x00000000        0x8
 .group         0x00000000        0x8 sensors.cpp.o

.group          0x00000000        0x8
 .group         0x00000000        0x8 sensors.cpp.o

.group          0x00000000        0x8
 .group         0x00000000        0x8 sensors.cpp.o

.group          0x00000000        0x8
 .group         0x00000000        0x8 sensors.cpp.o

.group          0x00000000        0x8
 .group         0x00000000        0x8 sensors.cpp.o

.group          0x00000000        0x8
 .group         0x00000000        0x8 sensors.cpp.o

.group          0x00000000        0x8
 .group         0x00000000        0x8 sensors.cpp.o

.group          0x00000000        0x8
 .group         0x00000000        0x8 sensors.cpp.o

.group          0x00000000        0x8
 .group         0x00000000        0x8 sensors.cpp.o

.group          0x00000000        0x8
 .group         0x00000000        0x8 sensors.cpp.o

.group          0x00000000        0x8
 .group         0x00000000        0x8 sensors.cpp.o

.group          0x00000000        0x8
 .group         0x00000000        0x8 sensors.cpp.o

.group          0x00000000        0x8
 .group         0x00000000        0x8 sensors.cpp.o

.group          0x00000000        0x8
 .group         0x00000000        0x8 sensors.cpp.o

.group          0x00000000        0x8
 .group         0x00000000        0x8 sensors.cpp.o

.group          0x00000000        0x8
 .group         0x00000000        0x8 sensors.cpp.o

.group          0x00000000        0x8
 .group         0x00000000        0x8 sensors.cpp.o

.group          0x00000000        0x8
 .group         0x00000000        0x8 sensors.cpp.o

.group          0x00000000        0x8
 .group         0x00000000        0x8 sensors.cpp.o

.group          0x00000000        0x8
 .group         0x00000000        0x8 sensors.cpp.o

.group          0x00000000        0x8
 .group         0x00000000        0x8 sensors.cpp.o

.group          0x00000000        0x8
 .group         0x00000000        0x8 sensors.cpp.o

.group          0x00000000        0x8
 .group         0x00000000        0x8 sensors.cpp.o

.group          0x00000000        0x8
 .group         0x00000000        0x8 sensors.cpp.o

.group          0x00000000        0x8
 .group         0x00000000        0x8 sensors.cpp.o

.group          0x00000000        0x8
 .group         0x00000000        0x8 sensors.cpp.o

.group          0x00000000        0x8
 .group         0x00000000        0x8 sensors.cpp.o

.group          0x00000000        0x8
 .group         0x00000000        0x8 sensors.cpp.o

.group          0x00000000        0x8
 .group         0x00000000        0x8 sensors.cpp.o

.group          0x00000000        0x8
 .group         0x00000000        0x8 sensors.cpp.o

.group          0x00000000        0x8
 .group         0x00000000        0x8 sensors.cpp.o

.group          0x00000000        0x8
 .group         0x00000000        0x8 sensors.cpp.o

.group          0x00000000        0x8
 .group         0x00000000        0x8 sensors.cpp.o

.group          0x00000000        0x8
 .group         0x00000000        0x8 sensors.cpp.o

.group          0x00000000        0x8
 .group         0x00000000        0x8 sensors.cpp.o

.group          0x00000000        0x8
 .group         0x00000000        0x8 sensors.cpp.o

.group          0x00000000        0x8
 .group         0x00000000        0x8 sensors.cpp.o

.group          0x00000000        0x8
 .group         0x00000000        0x8 sensors.cpp.o

.group          0x00000000        0x8
 .group         0x00000000        0x8 sensors.cpp.o

.group          0x00000000        0x8
 .group         0x00000000        0x8 sensors.cpp.o

.group          0x00000000        0x8
 .group         0x00000000        0x8 sensors.cpp.o

.group          0x00000000        0x8
 .group         0x00000000        0x8 sensors.cpp.o

.group          0x00000000        0x8
 .group         0x00000000        0x8 sensors.cpp.o

.group          0x00000000        0x8
 .group         0x00000000        0x8 sensors.cpp.o

.group          0x00000000        0x8
 .group         0x00000000        0x8 sensors.cpp.o

.group          0x00000000        0x8
 .group         0x00000000        0x8 sensors.cpp.o

.group          0x00000000        0x8
 .group         0x00000000        0x8 sensors.cpp.o

.group          0x00000000        0x8
 .group         0x00000000        0x8 sensors.cpp.o

.group          0x00000000        0x8
 .group         0x00000000        0x8 sensors.cpp.o

.group          0x00000000        0x8
 .group         0x00000000        0x8 sensors.cpp.o

.group          0x00000000        0x8
 .group         0x00000000        0x8 sensors.cpp.o

.group          0x00000000        0x8
 .group         0x00000000        0x8 sensors.cpp.o

.group          0x00000000        0x8
 .group         0x00000000        0x8 sensors.cpp.o

.group          0x00000000        0x8
 .group         0x00000000        0x8 sensors.cpp.o

.group          0x00000000        0x8
 .group         0x00000000        0x8 sensors.cpp.o

.group          0x00000000        0x8
 .group         0x00000000        0x8 sensors.cpp.o

.group          0x00000000        0x8
 .group         0x00000000        0x8 sensors.cpp.o

.group          0x00000000        0x8
 .group         0x00000000        0x8 sensors.cpp.o

.group          0x00000000        0x8
 .group         0x00000000        0x8 sensors.cpp.o

.group          0x00000000        0x8
 .group         0x00000000        0x8 sensors.cpp.o

.group          0x00000000        0x8
 .group         0x00000000        0x8 sensors.cpp.o

.group          0x00000000        0x8
 .group         0x00000000        0x8 sensors.cpp.o

.group          0x00000000        0x8
 .group         0x00000000        0x8 sensors.cpp.o

.group          0x00000000        0x8
 .group         0x00000000        0x8 sensors.cpp.o

.group          0x00000000        0x8
 .group         0x00000000        0x8 sensors.cpp.o

.group          0x00000000        0x8
 .group         0x00000000        0x8 sensors.cpp.o

.group          0x00000000        0x8
 .group         0x00000000        0x8 sensors.cpp.o

.group          0x00000000        0x8
 .group         0x00000000        0x8 sensors.cpp.o

.group          0x00000000        0x8
 .group         0x00000000        0x8 sensors.cpp.o

.group          0x00000000        0x8
 .group         0x00000000        0x8 sensors.cpp.o

.group          0x00000000        0x8
 .group         0x00000000        0x8 sensors.cpp.o

.group          0x00000000        0x8
 .group         0x00000000        0x8 sensors.cpp.o

.group          0x00000000        0x8
 .group         0x00000000        0x8 sensors.cpp.o

.group          0x00000000        0x8
 .group         0x00000000        0x8 sensors.cpp.o

.group          0x00000000        0x8
 .group         0x00000000        0x8 sensor_params.c.o

.group          0x00000000        0x8
 .group         0x00000000        0x8 sensor_params.c.o

.group          0x00000000        0x8
 .group         0x00000000        0x8 sensor_params.c.o

.group          0x00000000        0x8
 .group         0x00000000        0x8 sensor_params.c.o

.group          0x00000000        0x8
 .group         0x00000000        0x8 sensor_params.c.o

.group          0x00000000        0x8
 .group         0x00000000        0x8 sensor_params.c.o

.debug
 *(.debug)

.line
 *(.line)

.debug_srcinfo
 *(.debug_srcinfo)

.debug_sfnames
 *(.debug_sfnames)

.debug_aranges  0x00000000      0x160
 *(.debug_aranges)
 .debug_aranges
                0x00000000      0x148 sensors.cpp.o
 .debug_aranges
                0x00000148       0x18 sensor_params.c.o

.debug_pubnames
 *(.debug_pubnames)

.debug_info     0x00000000     0xe3e5
 *(.debug_info)
 .debug_info    0x00000000     0xd4cc sensors.cpp.o
 .debug_info    0x0000d4cc      0xf19 sensor_params.c.o

.debug_abbrev   0x00000000      0x9c1
 *(.debug_abbrev)
 .debug_abbrev  0x00000000      0x8f7 sensors.cpp.o
 .debug_abbrev  0x000008f7       0xca sensor_params.c.o

.debug_line     0x00000000     0x2277
 *(.debug_line)
 .debug_line    0x00000000     0x1fa9 sensors.cpp.o
 .debug_line    0x00001fa9      0x2ce sensor_params.c.o

.debug_frame    0x00000000      0x434
 *(.debug_frame)
 .debug_frame   0x00000000      0x434 sensors.cpp.o

.debug_str      0x00000000    0x1c11f
 *(.debug_str)
 .debug_str     0x00000000    0x15998 sensors.cpp.o
 .debug_str     0x00015998     0x6787 sensor_params.c.o

.debug_loc      0x00000000     0x228c
 *(.debug_loc)
 .debug_loc     0x00000000     0x228c sensors.cpp.o

.debug_macinfo
 *(.debug_macinfo)

.debug_weaknames
 *(.debug_weaknames)

.debug_funcnames
 *(.debug_funcnames)

.debug_typenames
 *(.debug_typenames)

.debug_varnames
 *(.debug_varnames)

.debug_pubtypes
 *(.debug_pubtypes)

.debug_ranges   0x00000000      0x5b8
 *(.debug_ranges)
 .debug_ranges  0x00000000      0x5b8 sensors.cpp.o

.stack
 *(.stack)

.ARM.attributes
                0x00000000       0x37
 *(.ARM.attributes)
 .ARM.attributes
                0x00000000       0x37 sensors.cpp.o
 .ARM.attributes
                0x00000037       0x37 sensor_params.c.o
 *(.gnu.attributes)

.note.gnu.arm.ident
 *(.note.gnu.arm.ident)
OUTPUT(/misc/shome/ex36/pixhawk/px4/Firmware/Build/px4fmu-v2_default.build//misc/shome/ex36/pixhawk/px4/Firmware/src/modules/sensors/module.pre.o elf32-littlearm)

.debug_macro    0x00000000      0x58b
 .debug_macro   0x00000000      0x50e sensors.cpp.o
 .debug_macro   0x0000050e       0x7d sensor_params.c.o

.debug_macro    0x00000000      0x838
 .debug_macro   0x00000000      0x838 sensors.cpp.o

.debug_macro    0x00000000       0x22
 .debug_macro   0x00000000       0x22 sensors.cpp.o

.debug_macro    0x00000000      0x8a6
 .debug_macro   0x00000000      0x8a6 sensors.cpp.o

.debug_macro    0x00000000       0xc9
 .debug_macro   0x00000000       0xc9 sensors.cpp.o

.debug_macro    0x00000000       0x10
 .debug_macro   0x00000000       0x10 sensors.cpp.o

.debug_macro    0x00000000       0x88
 .debug_macro   0x00000000       0x88 sensors.cpp.o

.debug_macro    0x00000000      0x14e
 .debug_macro   0x00000000      0x14e sensors.cpp.o

.debug_macro    0x00000000      0x125
 .debug_macro   0x00000000      0x125 sensors.cpp.o

.debug_macro    0x00000000       0x5d
 .debug_macro   0x00000000       0x5d sensors.cpp.o

.debug_macro    0x00000000      0x147
 .debug_macro   0x00000000      0x147 sensors.cpp.o

.debug_macro    0x00000000       0x23
 .debug_macro   0x00000000       0x23 sensors.cpp.o

.debug_macro    0x00000000       0x53
 .debug_macro   0x00000000       0x53 sensors.cpp.o

.debug_macro    0x00000000       0xd1
 .debug_macro   0x00000000       0xd1 sensors.cpp.o

.debug_macro    0x00000000       0x5e
 .debug_macro   0x00000000       0x5e sensors.cpp.o

.debug_macro    0x00000000       0x22
 .debug_macro   0x00000000       0x22 sensors.cpp.o

.debug_macro    0x00000000       0x58
 .debug_macro   0x00000000       0x58 sensors.cpp.o

.debug_macro    0x00000000       0x4c
 .debug_macro   0x00000000       0x4c sensors.cpp.o

.debug_macro    0x00000000       0x49
 .debug_macro   0x00000000       0x49 sensors.cpp.o

.debug_macro    0x00000000      0x106
 .debug_macro   0x00000000      0x106 sensors.cpp.o

.debug_macro    0x00000000       0x28
 .debug_macro   0x00000000       0x28 sensors.cpp.o

.debug_macro    0x00000000       0x98
 .debug_macro   0x00000000       0x98 sensors.cpp.o

.debug_macro    0x00000000       0x16
 .debug_macro   0x00000000       0x16 sensors.cpp.o

.debug_macro    0x00000000       0x59
 .debug_macro   0x00000000       0x59 sensors.cpp.o

.debug_macro    0x00000000      0x11b
 .debug_macro   0x00000000      0x11b sensors.cpp.o

.debug_macro    0x00000000       0x46
 .debug_macro   0x00000000       0x46 sensors.cpp.o

.debug_macro    0x00000000      0x27f
 .debug_macro   0x00000000      0x27f sensors.cpp.o

.debug_macro    0x00000000       0x10
 .debug_macro   0x00000000       0x10 sensors.cpp.o

.debug_macro    0x00000000      0x195
 .debug_macro   0x00000000      0x195 sensors.cpp.o

.debug_macro    0x00000000       0x8a
 .debug_macro   0x00000000       0x8a sensors.cpp.o

.debug_macro    0x00000000       0x10
 .debug_macro   0x00000000       0x10 sensors.cpp.o

.debug_macro    0x00000000       0x10
 .debug_macro   0x00000000       0x10 sensors.cpp.o

.debug_macro    0x00000000       0x39
 .debug_macro   0x00000000       0x39 sensors.cpp.o

.debug_macro    0x00000000       0xb4
 .debug_macro   0x00000000       0xb4 sensors.cpp.o

.debug_macro    0x00000000       0x41
 .debug_macro   0x00000000       0x41 sensors.cpp.o

.debug_macro    0x00000000       0x4d
 .debug_macro   0x00000000       0x4d sensors.cpp.o

.debug_macro    0x00000000      0x6c1
 .debug_macro   0x00000000      0x6c1 sensors.cpp.o

.debug_macro    0x00000000       0x3a
 .debug_macro   0x00000000       0x3a sensors.cpp.o

.debug_macro    0x00000000       0x10
 .debug_macro   0x00000000       0x10 sensors.cpp.o

.debug_macro    0x00000000       0x27
 .debug_macro   0x00000000       0x27 sensors.cpp.o

.debug_macro    0x00000000       0xa3
 .debug_macro   0x00000000       0xa3 sensors.cpp.o

.debug_macro    0x00000000      0x281
 .debug_macro   0x00000000      0x281 sensors.cpp.o

.debug_macro    0x00000000       0x20
 .debug_macro   0x00000000       0x20 sensors.cpp.o

.debug_macro    0x00000000       0x3b
 .debug_macro   0x00000000       0x3b sensors.cpp.o

.debug_macro    0x00000000       0x2d
 .debug_macro   0x00000000       0x2d sensors.cpp.o

.debug_macro    0x00000000       0x42
 .debug_macro   0x00000000       0x42 sensors.cpp.o

.debug_macro    0x00000000       0xac
 .debug_macro   0x00000000       0xac sensors.cpp.o

.debug_macro    0x00000000       0x16
 .debug_macro   0x00000000       0x16 sensors.cpp.o

.debug_macro    0x00000000       0x29
 .debug_macro   0x00000000       0x29 sensors.cpp.o

.debug_macro    0x00000000       0x2b
 .debug_macro   0x00000000       0x2b sensors.cpp.o

.debug_macro    0x00000000      0x168
 .debug_macro   0x00000000      0x168 sensors.cpp.o

.debug_macro    0x00000000       0x30
 .debug_macro   0x00000000       0x30 sensors.cpp.o

.debug_macro    0x00000000       0x78
 .debug_macro   0x00000000       0x78 sensors.cpp.o

.debug_macro    0x00000000       0x18
 .debug_macro   0x00000000       0x18 sensors.cpp.o

.debug_macro    0x00000000       0x9a
 .debug_macro   0x00000000       0x9a sensors.cpp.o

.debug_macro    0x00000000      0x1cf
 .debug_macro   0x00000000      0x1cf sensors.cpp.o

.debug_macro    0x00000000      0x16c
 .debug_macro   0x00000000      0x16c sensors.cpp.o

.debug_macro    0x00000000       0x16
 .debug_macro   0x00000000       0x16 sensors.cpp.o

.debug_macro    0x00000000       0x46
 .debug_macro   0x00000000       0x46 sensors.cpp.o

.debug_macro    0x00000000       0x22
 .debug_macro   0x00000000       0x22 sensors.cpp.o

.debug_macro    0x00000000       0x88
 .debug_macro   0x00000000       0x88 sensors.cpp.o

.debug_macro    0x00000000       0x64
 .debug_macro   0x00000000       0x64 sensors.cpp.o

.debug_macro    0x00000000       0x6a
 .debug_macro   0x00000000       0x6a sensors.cpp.o

.debug_macro    0x00000000       0x77
 .debug_macro   0x00000000       0x77 sensors.cpp.o

.debug_macro    0x00000000       0x2e
 .debug_macro   0x00000000       0x2e sensors.cpp.o

.debug_macro    0x00000000       0x38
 .debug_macro   0x00000000       0x38 sensors.cpp.o

.debug_macro    0x00000000       0x2e
 .debug_macro   0x00000000       0x2e sensors.cpp.o

.debug_macro    0x00000000       0x1c
 .debug_macro   0x00000000       0x1c sensors.cpp.o

.debug_macro    0x00000000       0x16
 .debug_macro   0x00000000       0x16 sensors.cpp.o

.debug_macro    0x00000000      0x81a
 .debug_macro   0x00000000      0x81a sensor_params.c.o

.debug_macro    0x00000000       0x22
 .debug_macro   0x00000000       0x22 sensor_params.c.o

.debug_macro    0x00000000       0xc9
 .debug_macro   0x00000000       0xc9 sensor_params.c.o

.debug_macro    0x00000000       0x22
 .debug_macro   0x00000000       0x22 sensor_params.c.o

.debug_macro    0x00000000       0x6f
 .debug_macro   0x00000000       0x6f sensor_params.c.o

.debug_macro    0x00000000       0x25
 .debug_macro   0x00000000       0x25 sensor_params.c.o
