
Memory Configuration

Name             Origin             Length             Attributes
*default*        0x00000000         0xffffffff

Linker script and memory map

LOAD preflight_check.c.o

.interp
 *(.interp)

.note.gnu.build-id
 *(.note.gnu.build-id)

.hash
 *(.hash)

.gnu.hash
 *(.gnu.hash)

.dynsym
 *(.dynsym)

.dynstr
 *(.dynstr)

.gnu.version
 *(.gnu.version)

.gnu.version_d
 *(.gnu.version_d)

.gnu.version_r
 *(.gnu.version_r)

.rel.init
 *(.rel.init)

.rela.init
 *(.rela.init)

.rel.text
 *(.rel.text)

.rela.text
 *(.rela.text)

.rel.fini
 *(.rel.fini)

.rela.fini
 *(.rela.fini)

.rel.rodata
 *(.rel.rodata)

.rela.rodata
 *(.rela.rodata)

.rel.data.rel.ro
 *(.rel.data.rel.ro)

.rela.data.rel.ro
 *(.rela.data.rel.ro)

.rel.data
 *(.rel.data)

.rela.data
 *(.rela.data)

.rel.tdata
 *(.rel.tdata)

.rela.tdata
 *(.rela.tdata)

.rel.tbss
 *(.rel.tbss)

.rela.tbss
 *(.rela.tbss)

.rel.ctors
 *(.rel.ctors)

.rela.ctors
 *(.rela.ctors)

.rel.dtors
 *(.rel.dtors)

.rela.dtors
 *(.rela.dtors)

.rel.got
 *(.rel.got)

.rela.got
 *(.rela.got)

.rel.bss
 *(.rel.bss)

.rela.bss
 *(.rela.bss)

.rel.iplt
 *(.rel.iplt)

.rela.iplt
 *(.rela.iplt)

.rel.plt
 *(.rel.plt)

.rela.plt
 *(.rela.plt)

.init
 *(.init)

.plt
 *(.plt)

.iplt
 *(.iplt)

.text           0x00000000        0x0
 *(.text .stub)
 .text          0x00000000        0x0 preflight_check.c.o
 *(.gnu.warning)

.text.preflight_check_main
                0x00000000      0x3ac
 .text.preflight_check_main
                0x00000000      0x3ac preflight_check.c.o
                0x00000000                preflight_check_main

.fini
 *(.fini)

.rodata
 *(.rodata)

.rodata.str1.1  0x00000000      0x40d
 .rodata.str1.1
                0x00000000      0x40d preflight_check.c.o

.rodata1
 *(.rodata1)

.ARM.extab
 *(.ARM.extab)

.ARM.exidx
 *(.ARM.exidx)

.eh_frame_hdr
 *(.eh_frame_hdr)

.eh_frame
 *(.eh_frame)

.gcc_except_table
 *(.gcc_except_table .gcc_except_table.*)

.exception_ranges
 *(.exception_ranges .exception_ranges*)

.eh_frame
 *(.eh_frame)

.gcc_except_table
 *(.gcc_except_table .gcc_except_table.*)

.exception_ranges
 *(.exception_ranges .exception_ranges*)

.tdata
 *(.tdata)

.tbss
 *(.tbss)

.preinit_array
 *(.preinit_array)

.jcr
 *(.jcr)

.dynamic
 *(.dynamic)

.got
 *(.got.plt)
 *(.igot.plt)
 *(.got)
 *(.igot)

.data           0x00000000        0x0
 *(.data)
 .data          0x00000000        0x0 preflight_check.c.o

.data.last_amber.6373
                0x00000000        0x4
 .data.last_amber.6373
                0x00000000        0x4 preflight_check.c.o

.data.last_blue.6372
                0x00000000        0x4
 .data.last_blue.6372
                0x00000000        0x4 preflight_check.c.o

.data1
 *(.data1)

.bss            0x00000000        0x0
 *(.dynbss)
 *(.bss)
 .bss           0x00000000        0x0 preflight_check.c.o
 *(COMMON)

.stab
 *(.stab)

.stabstr
 *(.stabstr)

.stab.excl
 *(.stab.excl)

.stab.exclstr
 *(.stab.exclstr)

.stab.index
 *(.stab.index)

.stab.indexstr
 *(.stab.indexstr)

.comment        0x00000000       0x71
 *(.comment)
 .comment       0x00000000       0x71 preflight_check.c.o

.group          0x00000000        0x8
 .group         0x00000000        0x8 preflight_check.c.o

.group          0x00000000        0x8
 .group         0x00000000        0x8 preflight_check.c.o

.group          0x00000000        0x8
 .group         0x00000000        0x8 preflight_check.c.o

.group          0x00000000        0x8
 .group         0x00000000        0x8 preflight_check.c.o

.group          0x00000000        0x8
 .group         0x00000000        0x8 preflight_check.c.o

.group          0x00000000        0x8
 .group         0x00000000        0x8 preflight_check.c.o

.group          0x00000000        0x8
 .group         0x00000000        0x8 preflight_check.c.o

.group          0x00000000        0x8
 .group         0x00000000        0x8 preflight_check.c.o

.group          0x00000000        0x8
 .group         0x00000000        0x8 preflight_check.c.o

.group          0x00000000        0x8
 .group         0x00000000        0x8 preflight_check.c.o

.group          0x00000000        0x8
 .group         0x00000000        0x8 preflight_check.c.o

.group          0x00000000        0x8
 .group         0x00000000        0x8 preflight_check.c.o

.group          0x00000000        0x8
 .group         0x00000000        0x8 preflight_check.c.o

.group          0x00000000        0x8
 .group         0x00000000        0x8 preflight_check.c.o

.group          0x00000000        0x8
 .group         0x00000000        0x8 preflight_check.c.o

.group          0x00000000        0x8
 .group         0x00000000        0x8 preflight_check.c.o

.group          0x00000000        0x8
 .group         0x00000000        0x8 preflight_check.c.o

.group          0x00000000        0x8
 .group         0x00000000        0x8 preflight_check.c.o

.group          0x00000000        0x8
 .group         0x00000000        0x8 preflight_check.c.o

.group          0x00000000        0x8
 .group         0x00000000        0x8 preflight_check.c.o

.group          0x00000000        0x8
 .group         0x00000000        0x8 preflight_check.c.o

.group          0x00000000        0x8
 .group         0x00000000        0x8 preflight_check.c.o

.group          0x00000000        0x8
 .group         0x00000000        0x8 preflight_check.c.o

.group          0x00000000        0x8
 .group         0x00000000        0x8 preflight_check.c.o

.group          0x00000000        0x8
 .group         0x00000000        0x8 preflight_check.c.o

.group          0x00000000        0x8
 .group         0x00000000        0x8 preflight_check.c.o

.group          0x00000000        0x8
 .group         0x00000000        0x8 preflight_check.c.o

.group          0x00000000        0x8
 .group         0x00000000        0x8 preflight_check.c.o

.group          0x00000000        0x8
 .group         0x00000000        0x8 preflight_check.c.o

.group          0x00000000        0x8
 .group         0x00000000        0x8 preflight_check.c.o

.group          0x00000000        0x8
 .group         0x00000000        0x8 preflight_check.c.o

.group          0x00000000        0x8
 .group         0x00000000        0x8 preflight_check.c.o

.group          0x00000000        0x8
 .group         0x00000000        0x8 preflight_check.c.o

.group          0x00000000        0x8
 .group         0x00000000        0x8 preflight_check.c.o

.group          0x00000000        0x8
 .group         0x00000000        0x8 preflight_check.c.o

.group          0x00000000        0x8
 .group         0x00000000        0x8 preflight_check.c.o

.group          0x00000000        0x8
 .group         0x00000000        0x8 preflight_check.c.o

.group          0x00000000        0x8
 .group         0x00000000        0x8 preflight_check.c.o

.group          0x00000000        0x8
 .group         0x00000000        0x8 preflight_check.c.o

.group          0x00000000        0x8
 .group         0x00000000        0x8 preflight_check.c.o

.group          0x00000000        0x8
 .group         0x00000000        0x8 preflight_check.c.o

.group          0x00000000        0x8
 .group         0x00000000        0x8 preflight_check.c.o

.group          0x00000000        0x8
 .group         0x00000000        0x8 preflight_check.c.o

.group          0x00000000        0x8
 .group         0x00000000        0x8 preflight_check.c.o

.group          0x00000000        0x8
 .group         0x00000000        0x8 preflight_check.c.o

.group          0x00000000        0x8
 .group         0x00000000        0x8 preflight_check.c.o

.group          0x00000000        0x8
 .group         0x00000000        0x8 preflight_check.c.o

.group          0x00000000        0x8
 .group         0x00000000        0x8 preflight_check.c.o

.group          0x00000000        0x8
 .group         0x00000000        0x8 preflight_check.c.o

.group          0x00000000        0x8
 .group         0x00000000        0x8 preflight_check.c.o

.group          0x00000000        0x8
 .group         0x00000000        0x8 preflight_check.c.o

.group          0x00000000        0x8
 .group         0x00000000        0x8 preflight_check.c.o

.group          0x00000000        0x8
 .group         0x00000000        0x8 preflight_check.c.o

.group          0x00000000        0x8
 .group         0x00000000        0x8 preflight_check.c.o

.group          0x00000000        0x8
 .group         0x00000000        0x8 preflight_check.c.o

.group          0x00000000        0x8
 .group         0x00000000        0x8 preflight_check.c.o

.group          0x00000000        0x8
 .group         0x00000000        0x8 preflight_check.c.o

.group          0x00000000        0x8
 .group         0x00000000        0x8 preflight_check.c.o

.debug
 *(.debug)

.line
 *(.line)

.debug_srcinfo
 *(.debug_srcinfo)

.debug_sfnames
 *(.debug_sfnames)

.debug_aranges  0x00000000       0x20
 *(.debug_aranges)
 .debug_aranges
                0x00000000       0x20 preflight_check.c.o

.debug_pubnames
 *(.debug_pubnames)

.debug_info     0x00000000     0x19aa
 *(.debug_info)
 .debug_info    0x00000000     0x19aa preflight_check.c.o

.debug_abbrev   0x00000000      0x2c7
 *(.debug_abbrev)
 .debug_abbrev  0x00000000      0x2c7 preflight_check.c.o

.debug_line     0x00000000      0xb1c
 *(.debug_line)
 .debug_line    0x00000000      0xb1c preflight_check.c.o

.debug_frame    0x00000000       0x34
 *(.debug_frame)
 .debug_frame   0x00000000       0x34 preflight_check.c.o

.debug_str      0x00000000     0xe10f
 *(.debug_str)
 .debug_str     0x00000000     0xe10f preflight_check.c.o

.debug_loc      0x00000000      0x433
 *(.debug_loc)
 .debug_loc     0x00000000      0x433 preflight_check.c.o

.debug_macinfo
 *(.debug_macinfo)

.debug_weaknames
 *(.debug_weaknames)

.debug_funcnames
 *(.debug_funcnames)

.debug_typenames
 *(.debug_typenames)

.debug_varnames
 *(.debug_varnames)

.debug_pubtypes
 *(.debug_pubtypes)

.debug_ranges   0x00000000       0x28
 *(.debug_ranges)
 .debug_ranges  0x00000000       0x28 preflight_check.c.o

.stack
 *(.stack)

.ARM.attributes
                0x00000000       0x37
 *(.ARM.attributes)
 .ARM.attributes
                0x00000000       0x37 preflight_check.c.o
 *(.gnu.attributes)

.note.gnu.arm.ident
 *(.note.gnu.arm.ident)
OUTPUT(/misc/shome/ex36/pixhawk/px4/Firmware/Build/px4fmu-v2_default.build//misc/shome/ex36/pixhawk/px4/Firmware/src/systemcmds/preflight_check/module.pre.o elf32-littlearm)

.debug_macro    0x00000000      0x2f6
 .debug_macro   0x00000000      0x2f6 preflight_check.c.o

.debug_macro    0x00000000      0x81a
 .debug_macro   0x00000000      0x81a preflight_check.c.o

.debug_macro    0x00000000       0x22
 .debug_macro   0x00000000       0x22 preflight_check.c.o

.debug_macro    0x00000000      0x8a6
 .debug_macro   0x00000000      0x8a6 preflight_check.c.o

.debug_macro    0x00000000       0xc9
 .debug_macro   0x00000000       0xc9 preflight_check.c.o

.debug_macro    0x00000000       0x10
 .debug_macro   0x00000000       0x10 preflight_check.c.o

.debug_macro    0x00000000       0x88
 .debug_macro   0x00000000       0x88 preflight_check.c.o

.debug_macro    0x00000000      0x14e
 .debug_macro   0x00000000      0x14e preflight_check.c.o

.debug_macro    0x00000000      0x125
 .debug_macro   0x00000000      0x125 preflight_check.c.o

.debug_macro    0x00000000       0x69
 .debug_macro   0x00000000       0x69 preflight_check.c.o

.debug_macro    0x00000000       0xcb
 .debug_macro   0x00000000       0xcb preflight_check.c.o

.debug_macro    0x00000000       0x5e
 .debug_macro   0x00000000       0x5e preflight_check.c.o

.debug_macro    0x00000000       0x58
 .debug_macro   0x00000000       0x58 preflight_check.c.o

.debug_macro    0x00000000       0x4c
 .debug_macro   0x00000000       0x4c preflight_check.c.o

.debug_macro    0x00000000       0x49
 .debug_macro   0x00000000       0x49 preflight_check.c.o

.debug_macro    0x00000000      0x106
 .debug_macro   0x00000000      0x106 preflight_check.c.o

.debug_macro    0x00000000       0x23
 .debug_macro   0x00000000       0x23 preflight_check.c.o

.debug_macro    0x00000000       0x28
 .debug_macro   0x00000000       0x28 preflight_check.c.o

.debug_macro    0x00000000       0x22
 .debug_macro   0x00000000       0x22 preflight_check.c.o

.debug_macro    0x00000000       0x98
 .debug_macro   0x00000000       0x98 preflight_check.c.o

.debug_macro    0x00000000       0x16
 .debug_macro   0x00000000       0x16 preflight_check.c.o

.debug_macro    0x00000000       0x59
 .debug_macro   0x00000000       0x59 preflight_check.c.o

.debug_macro    0x00000000      0x11b
 .debug_macro   0x00000000      0x11b preflight_check.c.o

.debug_macro    0x00000000       0x46
 .debug_macro   0x00000000       0x46 preflight_check.c.o

.debug_macro    0x00000000      0x27f
 .debug_macro   0x00000000      0x27f preflight_check.c.o

.debug_macro    0x00000000       0x10
 .debug_macro   0x00000000       0x10 preflight_check.c.o

.debug_macro    0x00000000      0x195
 .debug_macro   0x00000000      0x195 preflight_check.c.o

.debug_macro    0x00000000       0x8a
 .debug_macro   0x00000000       0x8a preflight_check.c.o

.debug_macro    0x00000000       0x10
 .debug_macro   0x00000000       0x10 preflight_check.c.o

.debug_macro    0x00000000       0x10
 .debug_macro   0x00000000       0x10 preflight_check.c.o

.debug_macro    0x00000000       0x39
 .debug_macro   0x00000000       0x39 preflight_check.c.o

.debug_macro    0x00000000       0xb4
 .debug_macro   0x00000000       0xb4 preflight_check.c.o

.debug_macro    0x00000000       0x41
 .debug_macro   0x00000000       0x41 preflight_check.c.o

.debug_macro    0x00000000       0x4d
 .debug_macro   0x00000000       0x4d preflight_check.c.o

.debug_macro    0x00000000       0x22
 .debug_macro   0x00000000       0x22 preflight_check.c.o

.debug_macro    0x00000000      0x14d
 .debug_macro   0x00000000      0x14d preflight_check.c.o

.debug_macro    0x00000000      0x6c1
 .debug_macro   0x00000000      0x6c1 preflight_check.c.o

.debug_macro    0x00000000       0x3a
 .debug_macro   0x00000000       0x3a preflight_check.c.o

.debug_macro    0x00000000       0x10
 .debug_macro   0x00000000       0x10 preflight_check.c.o

.debug_macro    0x00000000       0x27
 .debug_macro   0x00000000       0x27 preflight_check.c.o

.debug_macro    0x00000000       0xa3
 .debug_macro   0x00000000       0xa3 preflight_check.c.o

.debug_macro    0x00000000      0x28f
 .debug_macro   0x00000000      0x28f preflight_check.c.o

.debug_macro    0x00000000       0x2b
 .debug_macro   0x00000000       0x2b preflight_check.c.o

.debug_macro    0x00000000       0x9a
 .debug_macro   0x00000000       0x9a preflight_check.c.o

.debug_macro    0x00000000      0x1cf
 .debug_macro   0x00000000      0x1cf preflight_check.c.o

.debug_macro    0x00000000      0x16c
 .debug_macro   0x00000000      0x16c preflight_check.c.o

.debug_macro    0x00000000       0x16
 .debug_macro   0x00000000       0x16 preflight_check.c.o

.debug_macro    0x00000000       0x3a
 .debug_macro   0x00000000       0x3a preflight_check.c.o

.debug_macro    0x00000000       0x18
 .debug_macro   0x00000000       0x18 preflight_check.c.o

.debug_macro    0x00000000       0x28
 .debug_macro   0x00000000       0x28 preflight_check.c.o

.debug_macro    0x00000000       0x29
 .debug_macro   0x00000000       0x29 preflight_check.c.o

.debug_macro    0x00000000       0x46
 .debug_macro   0x00000000       0x46 preflight_check.c.o

.debug_macro    0x00000000       0x22
 .debug_macro   0x00000000       0x22 preflight_check.c.o

.debug_macro    0x00000000       0x88
 .debug_macro   0x00000000       0x88 preflight_check.c.o

.debug_macro    0x00000000       0x71
 .debug_macro   0x00000000       0x71 preflight_check.c.o

.debug_macro    0x00000000       0x6a
 .debug_macro   0x00000000       0x6a preflight_check.c.o

.debug_macro    0x00000000       0x6a
 .debug_macro   0x00000000       0x6a preflight_check.c.o

.debug_macro    0x00000000       0x2e
 .debug_macro   0x00000000       0x2e preflight_check.c.o

.debug_macro    0x00000000       0x4d
 .debug_macro   0x00000000       0x4d preflight_check.c.o
