
Discarded input sections

 .group         0x00000000        0x8 fw_att_control_params.c.o
 .group         0x00000000        0x8 fw_att_control_params.c.o
 .group         0x00000000        0x8 fw_att_control_params.c.o
 .group         0x00000000        0x8 fw_att_control_params.c.o
 .group         0x00000000        0x8 fw_att_control_params.c.o
 .debug_macro   0x00000000      0x8a6 fw_att_control_params.c.o
 .debug_macro   0x00000000       0x10 fw_att_control_params.c.o
 .debug_macro   0x00000000       0x88 fw_att_control_params.c.o
 .debug_macro   0x00000000      0x14e fw_att_control_params.c.o
 .debug_macro   0x00000000      0x125 fw_att_control_params.c.o

Memory Configuration

Name             Origin             Length             Attributes
*default*        0x00000000         0xffffffff

Linker script and memory map

LOAD fw_att_control_main.cpp.o
LOAD fw_att_control_params.c.o

.interp
 *(.interp)

.note.gnu.build-id
 *(.note.gnu.build-id)

.hash
 *(.hash)

.gnu.hash
 *(.gnu.hash)

.dynsym
 *(.dynsym)

.dynstr
 *(.dynstr)

.gnu.version
 *(.gnu.version)

.gnu.version_d
 *(.gnu.version_d)

.gnu.version_r
 *(.gnu.version_r)

.rel.init
 *(.rel.init)

.rela.init
 *(.rela.init)

.rel.text
 *(.rel.text)

.rela.text
 *(.rela.text)

.rel.fini
 *(.rel.fini)

.rela.fini
 *(.rela.fini)

.rel.rodata
 *(.rel.rodata)

.rela.rodata
 *(.rela.rodata)

.rel.data.rel.ro
 *(.rel.data.rel.ro)

.rela.data.rel.ro
 *(.rela.data.rel.ro)

.rel.data
 *(.rel.data)

.rela.data
 *(.rela.data)

.rel.tdata
 *(.rel.tdata)

.rela.tdata
 *(.rela.tdata)

.rel.tbss
 *(.rel.tbss)

.rela.tbss
 *(.rela.tbss)

.rel.ctors
 *(.rel.ctors)

.rela.ctors
 *(.rela.ctors)

.rel.dtors
 *(.rel.dtors)

.rela.dtors
 *(.rela.dtors)

.rel.got
 *(.rel.got)

.rela.got
 *(.rela.got)

.rel.bss
 *(.rel.bss)

.rela.bss
 *(.rela.bss)

.rel.iplt
 *(.rel.iplt)

.rela.iplt
 *(.rela.iplt)

.rel.plt
 *(.rel.plt)

.rela.plt
 *(.rela.plt)

.init
 *(.init)

.plt
 *(.plt)

.iplt
 *(.iplt)

.text           0x00000000        0x0
 *(.text .stub)
 .text          0x00000000        0x0 fw_att_control_main.cpp.o
 .text          0x00000000        0x0 fw_att_control_params.c.o
 *(.gnu.warning)

.text._ZN4math10VectorBaseILj3EED2Ev
                0x00000000        0xc
 .text._ZN4math10VectorBaseILj3EED2Ev
                0x00000000        0xc fw_att_control_main.cpp.o
                0x00000000                math::VectorBase<3u>::~VectorBase()
                0x00000000                math::VectorBase<3u>::~VectorBase()

.text._ZN4math10MatrixBaseILj3ELj3EED2Ev
                0x00000000        0xc
 .text._ZN4math10MatrixBaseILj3ELj3EED2Ev
                0x00000000        0xc fw_att_control_main.cpp.o
                0x00000000                math::MatrixBase<3u, 3u>::~MatrixBase()
                0x00000000                math::MatrixBase<3u, 3u>::~MatrixBase()

.text._ZN4math6MatrixILj3ELj3EED2Ev
                0x00000000        0xc
 .text._ZN4math6MatrixILj3ELj3EED2Ev
                0x00000000        0xc fw_att_control_main.cpp.o
                0x00000000                math::Matrix<3u, 3u>::~Matrix()
                0x00000000                math::Matrix<3u, 3u>::~Matrix()

.text._ZN4math6VectorILj3EED2Ev
                0x00000000        0xc
 .text._ZN4math6VectorILj3EED2Ev
                0x00000000        0xc fw_att_control_main.cpp.o
                0x00000000                math::Vector<3u>::~Vector()
                0x00000000                math::Vector<3u>::~Vector()

.text._ZN4math6VectorILj3EED0Ev
                0x00000000       0x14
 .text._ZN4math6VectorILj3EED0Ev
                0x00000000       0x14 fw_att_control_main.cpp.o
                0x00000000                math::Vector<3u>::~Vector()

.text._ZN4math6MatrixILj3ELj3EED0Ev
                0x00000000       0x14
 .text._ZN4math6MatrixILj3ELj3EED0Ev
                0x00000000       0x14 fw_att_control_main.cpp.o
                0x00000000                math::Matrix<3u, 3u>::~Matrix()

.text._ZN4math10MatrixBaseILj3ELj3EED0Ev
                0x00000000       0x14
 .text._ZN4math10MatrixBaseILj3ELj3EED0Ev
                0x00000000       0x14 fw_att_control_main.cpp.o
                0x00000000                math::MatrixBase<3u, 3u>::~MatrixBase()

.text._ZN4math10VectorBaseILj3EED0Ev
                0x00000000       0x14
 .text._ZN4math10VectorBaseILj3EED0Ev
                0x00000000       0x14 fw_att_control_main.cpp.o
                0x00000000                math::VectorBase<3u>::~VectorBase()

.text._ZN24FixedwingAttitudeControlD2Ev
                0x00000000       0x68
 .text._ZN24FixedwingAttitudeControlD2Ev
                0x00000000       0x68 fw_att_control_main.cpp.o
                0x00000000                FixedwingAttitudeControl::~FixedwingAttitudeControl()
                0x00000000                FixedwingAttitudeControl::~FixedwingAttitudeControl()

.text._ZN24FixedwingAttitudeControl17parameters_updateEv
                0x00000000      0x290
 .text._ZN24FixedwingAttitudeControl17parameters_updateEv
                0x00000000      0x290 fw_att_control_main.cpp.o
                0x00000000                FixedwingAttitudeControl::parameters_update()

.text._ZN24FixedwingAttitudeControlC2Ev
                0x00000000      0x2b4
 .text._ZN24FixedwingAttitudeControlC2Ev
                0x00000000      0x2b4 fw_att_control_main.cpp.o
                0x00000000                FixedwingAttitudeControl::FixedwingAttitudeControl()
                0x00000000                FixedwingAttitudeControl::FixedwingAttitudeControl()

.text._ZN24FixedwingAttitudeControl25vehicle_control_mode_pollEv
                0x00000000       0x28
 .text._ZN24FixedwingAttitudeControl25vehicle_control_mode_pollEv
                0x00000000       0x28 fw_att_control_main.cpp.o
                0x00000000                FixedwingAttitudeControl::vehicle_control_mode_poll()

.text._ZN24FixedwingAttitudeControl19vehicle_manual_pollEv
                0x00000000       0x28
 .text._ZN24FixedwingAttitudeControl19vehicle_manual_pollEv
                0x00000000       0x28 fw_att_control_main.cpp.o
                0x00000000                FixedwingAttitudeControl::vehicle_manual_poll()

.text._ZN24FixedwingAttitudeControl21vehicle_airspeed_pollEv
                0x00000000       0x28
 .text._ZN24FixedwingAttitudeControl21vehicle_airspeed_pollEv
                0x00000000       0x28 fw_att_control_main.cpp.o
                0x00000000                FixedwingAttitudeControl::vehicle_airspeed_poll()

.text._ZN24FixedwingAttitudeControl18vehicle_accel_pollEv
                0x00000000       0x28
 .text._ZN24FixedwingAttitudeControl18vehicle_accel_pollEv
                0x00000000       0x28 fw_att_control_main.cpp.o
                0x00000000                FixedwingAttitudeControl::vehicle_accel_poll()

.text._ZN24FixedwingAttitudeControl21vehicle_setpoint_pollEv
                0x00000000       0x2c
 .text._ZN24FixedwingAttitudeControl21vehicle_setpoint_pollEv
                0x00000000       0x2c fw_att_control_main.cpp.o
                0x00000000                FixedwingAttitudeControl::vehicle_setpoint_poll()

.text._ZN24FixedwingAttitudeControl15global_pos_pollEv
                0x00000000       0x28
 .text._ZN24FixedwingAttitudeControl15global_pos_pollEv
                0x00000000       0x28 fw_att_control_main.cpp.o
                0x00000000                FixedwingAttitudeControl::global_pos_poll()

.text._ZN24FixedwingAttitudeControl19vehicle_status_pollEv
                0x00000000       0x50
 .text._ZN24FixedwingAttitudeControl19vehicle_status_pollEv
                0x00000000       0x50 fw_att_control_main.cpp.o
                0x00000000                FixedwingAttitudeControl::vehicle_status_poll()

.text._ZN24FixedwingAttitudeControl5startEv
                0x00000000       0x54
 .text._ZN24FixedwingAttitudeControl5startEv
                0x00000000       0x54 fw_att_control_main.cpp.o
                0x00000000                FixedwingAttitudeControl::start()

.text.fw_att_control_main
                0x00000000      0x118
 .text.fw_att_control_main
                0x00000000      0x118 fw_att_control_main.cpp.o
                0x00000000                fw_att_control_main

.text._ZN4math10VectorBaseILj3EEC2Ev
                0x00000000       0x28
 .text._ZN4math10VectorBaseILj3EEC2Ev
                0x00000000       0x28 fw_att_control_main.cpp.o
                0x00000000                math::VectorBase<3u>::VectorBase()
                0x00000000                math::VectorBase<3u>::VectorBase()

.text._ZN4math10MatrixBaseILj3ELj3EEC2Ev
                0x00000000       0x28
 .text._ZN4math10MatrixBaseILj3ELj3EEC2Ev
                0x00000000       0x28 fw_att_control_main.cpp.o
                0x00000000                math::MatrixBase<3u, 3u>::MatrixBase()
                0x00000000                math::MatrixBase<3u, 3u>::MatrixBase()

.text._ZN24FixedwingAttitudeControl9task_mainEv
                0x00000000      0x9b8
 .text._ZN24FixedwingAttitudeControl9task_mainEv
                0x00000000      0x9b8 fw_att_control_main.cpp.o
                0x00000000                FixedwingAttitudeControl::task_main()

.text._ZN24FixedwingAttitudeControl20task_main_trampolineEiPPc
                0x00000000       0x10
 .text._ZN24FixedwingAttitudeControl20task_main_trampolineEiPPc
                0x00000000       0x10 fw_att_control_main.cpp.o
                0x00000000                FixedwingAttitudeControl::task_main_trampoline(int, char**)

.fini
 *(.fini)

.rodata
 *(.rodata)

.rodata._ZTVN4math6VectorILj3EEE
                0x00000000       0x10
 .rodata._ZTVN4math6VectorILj3EEE
                0x00000000       0x10 fw_att_control_main.cpp.o
                0x00000000                vtable for math::Vector<3u>

.rodata._ZTVN4math10VectorBaseILj3EEE
                0x00000000       0x10
 .rodata._ZTVN4math10VectorBaseILj3EEE
                0x00000000       0x10 fw_att_control_main.cpp.o
                0x00000000                vtable for math::VectorBase<3u>

.rodata._ZTVN4math6MatrixILj3ELj3EEE
                0x00000000       0x10
 .rodata._ZTVN4math6MatrixILj3ELj3EEE
                0x00000000       0x10 fw_att_control_main.cpp.o
                0x00000000                vtable for math::Matrix<3u, 3u>

.rodata._ZTVN4math10MatrixBaseILj3ELj3EEE
                0x00000000       0x10
 .rodata._ZTVN4math10MatrixBaseILj3ELj3EEE
                0x00000000       0x10 fw_att_control_main.cpp.o
                0x00000000                vtable for math::MatrixBase<3u, 3u>

.rodata.str1.1  0x00000000      0x534
 .rodata.str1.1
                0x00000000      0x40d fw_att_control_main.cpp.o
 .rodata.str1.1
                0x0000040d      0x127 fw_att_control_params.c.o

__param         0x00000000      0x144
                0x00000000                . = ALIGN (0x4)
                0x00000000                PROVIDE (__start___param, ABSOLUTE (.))
 __param        0x00000000      0x144 fw_att_control_params.c.o
                0x00000144                PROVIDE (__stop___param, .)

.rodata1
 *(.rodata1)

.ARM.extab
 *(.ARM.extab)

.ARM.exidx
 *(.ARM.exidx)

.eh_frame_hdr
 *(.eh_frame_hdr)

.eh_frame
 *(.eh_frame)

.gcc_except_table
 *(.gcc_except_table .gcc_except_table.*)

.exception_ranges
 *(.exception_ranges .exception_ranges*)

.eh_frame
 *(.eh_frame)

.gcc_except_table
 *(.gcc_except_table .gcc_except_table.*)

.exception_ranges
 *(.exception_ranges .exception_ranges*)

.tdata
 *(.tdata)

.tbss
 *(.tbss)

.preinit_array
 *(.preinit_array)

.jcr
 *(.jcr)

.dynamic
 *(.dynamic)

.got
 *(.got.plt)
 *(.igot.plt)
 *(.got)
 *(.igot)

.data           0x00000000        0x0
 *(.data)
 .data          0x00000000        0x0 fw_att_control_main.cpp.o
 .data          0x00000000        0x0 fw_att_control_params.c.o

.data1
 *(.data1)

.bss            0x00000000        0x0
 *(.dynbss)
 *(.bss)
 .bss           0x00000000        0x0 fw_att_control_main.cpp.o
 .bss           0x00000000        0x0 fw_att_control_params.c.o
 *(COMMON)

.bss._ZN11att_control9g_controlE
                0x00000000        0x4
 .bss._ZN11att_control9g_controlE
                0x00000000        0x4 fw_att_control_main.cpp.o
                0x00000000                att_control::g_control

.bss._ZZN24FixedwingAttitudeControl9task_mainEvE12loop_counter
                0x00000000        0x4
 .bss._ZZN24FixedwingAttitudeControl9task_mainEvE12loop_counter
                0x00000000        0x4 fw_att_control_main.cpp.o

.bss._ZZN24FixedwingAttitudeControl9task_mainEvE8last_run
                0x00000000        0x8
 .bss._ZZN24FixedwingAttitudeControl9task_mainEvE8last_run
                0x00000000        0x8 fw_att_control_main.cpp.o

.stab
 *(.stab)

.stabstr
 *(.stabstr)

.stab.excl
 *(.stab.excl)

.stab.exclstr
 *(.stab.exclstr)

.stab.index
 *(.stab.index)

.stab.indexstr
 *(.stab.indexstr)

.comment        0x00000000       0xe2
 *(.comment)
 .comment       0x00000000       0x71 fw_att_control_main.cpp.o
 .comment       0x00000071       0x71 fw_att_control_params.c.o

.group          0x00000000        0x8
 .group         0x00000000        0x8 fw_att_control_main.cpp.o

.group          0x00000000        0x8
 .group         0x00000000        0x8 fw_att_control_main.cpp.o

.group          0x00000000        0x8
 .group         0x00000000        0x8 fw_att_control_main.cpp.o

.group          0x00000000        0x8
 .group         0x00000000        0x8 fw_att_control_main.cpp.o

.group          0x00000000        0x8
 .group         0x00000000        0x8 fw_att_control_main.cpp.o

.group          0x00000000        0x8
 .group         0x00000000        0x8 fw_att_control_main.cpp.o

.group          0x00000000        0x8
 .group         0x00000000        0x8 fw_att_control_main.cpp.o

.group          0x00000000        0x8
 .group         0x00000000        0x8 fw_att_control_main.cpp.o

.group          0x00000000        0x8
 .group         0x00000000        0x8 fw_att_control_main.cpp.o

.group          0x00000000        0x8
 .group         0x00000000        0x8 fw_att_control_main.cpp.o

.group          0x00000000        0x8
 .group         0x00000000        0x8 fw_att_control_main.cpp.o

.group          0x00000000        0x8
 .group         0x00000000        0x8 fw_att_control_main.cpp.o

.group          0x00000000        0x8
 .group         0x00000000        0x8 fw_att_control_main.cpp.o

.group          0x00000000        0x8
 .group         0x00000000        0x8 fw_att_control_main.cpp.o

.group          0x00000000        0x8
 .group         0x00000000        0x8 fw_att_control_main.cpp.o

.group          0x00000000        0x8
 .group         0x00000000        0x8 fw_att_control_main.cpp.o

.group          0x00000000        0x8
 .group         0x00000000        0x8 fw_att_control_main.cpp.o

.group          0x00000000        0x8
 .group         0x00000000        0x8 fw_att_control_main.cpp.o

.group          0x00000000        0x8
 .group         0x00000000        0x8 fw_att_control_main.cpp.o

.group          0x00000000        0x8
 .group         0x00000000        0x8 fw_att_control_main.cpp.o

.group          0x00000000        0x8
 .group         0x00000000        0x8 fw_att_control_main.cpp.o

.group          0x00000000        0x8
 .group         0x00000000        0x8 fw_att_control_main.cpp.o

.group          0x00000000        0x8
 .group         0x00000000        0x8 fw_att_control_main.cpp.o

.group          0x00000000        0x8
 .group         0x00000000        0x8 fw_att_control_main.cpp.o

.group          0x00000000        0x8
 .group         0x00000000        0x8 fw_att_control_main.cpp.o

.group          0x00000000        0x8
 .group         0x00000000        0x8 fw_att_control_main.cpp.o

.group          0x00000000        0x8
 .group         0x00000000        0x8 fw_att_control_main.cpp.o

.group          0x00000000        0x8
 .group         0x00000000        0x8 fw_att_control_main.cpp.o

.group          0x00000000        0x8
 .group         0x00000000        0x8 fw_att_control_main.cpp.o

.group          0x00000000        0x8
 .group         0x00000000        0x8 fw_att_control_main.cpp.o

.group          0x00000000        0x8
 .group         0x00000000        0x8 fw_att_control_main.cpp.o

.group          0x00000000        0x8
 .group         0x00000000        0x8 fw_att_control_main.cpp.o

.group          0x00000000        0x8
 .group         0x00000000        0x8 fw_att_control_main.cpp.o

.group          0x00000000        0x8
 .group         0x00000000        0x8 fw_att_control_main.cpp.o

.group          0x00000000        0x8
 .group         0x00000000        0x8 fw_att_control_main.cpp.o

.group          0x00000000        0x8
 .group         0x00000000        0x8 fw_att_control_main.cpp.o

.group          0x00000000        0x8
 .group         0x00000000        0x8 fw_att_control_main.cpp.o

.group          0x00000000        0x8
 .group         0x00000000        0x8 fw_att_control_main.cpp.o

.group          0x00000000        0x8
 .group         0x00000000        0x8 fw_att_control_main.cpp.o

.group          0x00000000        0x8
 .group         0x00000000        0x8 fw_att_control_main.cpp.o

.group          0x00000000        0x8
 .group         0x00000000        0x8 fw_att_control_main.cpp.o

.group          0x00000000        0x8
 .group         0x00000000        0x8 fw_att_control_main.cpp.o

.group          0x00000000        0x8
 .group         0x00000000        0x8 fw_att_control_main.cpp.o

.group          0x00000000        0x8
 .group         0x00000000        0x8 fw_att_control_main.cpp.o

.group          0x00000000        0x8
 .group         0x00000000        0x8 fw_att_control_main.cpp.o

.group          0x00000000        0x8
 .group         0x00000000        0x8 fw_att_control_main.cpp.o

.group          0x00000000        0x8
 .group         0x00000000        0x8 fw_att_control_main.cpp.o

.group          0x00000000        0x8
 .group         0x00000000        0x8 fw_att_control_main.cpp.o

.group          0x00000000        0x8
 .group         0x00000000        0x8 fw_att_control_main.cpp.o

.group          0x00000000        0x8
 .group         0x00000000        0x8 fw_att_control_main.cpp.o

.group          0x00000000        0x8
 .group         0x00000000        0x8 fw_att_control_main.cpp.o

.group          0x00000000        0x8
 .group         0x00000000        0x8 fw_att_control_main.cpp.o

.group          0x00000000        0x8
 .group         0x00000000        0x8 fw_att_control_main.cpp.o

.group          0x00000000        0x8
 .group         0x00000000        0x8 fw_att_control_main.cpp.o

.group          0x00000000        0x8
 .group         0x00000000        0x8 fw_att_control_main.cpp.o

.group          0x00000000        0x8
 .group         0x00000000        0x8 fw_att_control_main.cpp.o

.group          0x00000000        0x8
 .group         0x00000000        0x8 fw_att_control_main.cpp.o

.group          0x00000000        0x8
 .group         0x00000000        0x8 fw_att_control_main.cpp.o

.group          0x00000000        0x8
 .group         0x00000000        0x8 fw_att_control_main.cpp.o

.group          0x00000000        0x8
 .group         0x00000000        0x8 fw_att_control_main.cpp.o

.group          0x00000000        0x8
 .group         0x00000000        0x8 fw_att_control_main.cpp.o

.group          0x00000000        0x8
 .group         0x00000000        0x8 fw_att_control_main.cpp.o

.group          0x00000000        0x8
 .group         0x00000000        0x8 fw_att_control_main.cpp.o

.group          0x00000000        0x8
 .group         0x00000000        0x8 fw_att_control_main.cpp.o

.group          0x00000000        0x8
 .group         0x00000000        0x8 fw_att_control_main.cpp.o

.group          0x00000000        0x8
 .group         0x00000000        0x8 fw_att_control_main.cpp.o

.group          0x00000000        0x8
 .group         0x00000000        0x8 fw_att_control_main.cpp.o

.group          0x00000000        0x8
 .group         0x00000000        0x8 fw_att_control_main.cpp.o

.group          0x00000000        0x8
 .group         0x00000000        0x8 fw_att_control_main.cpp.o

.group          0x00000000        0x8
 .group         0x00000000        0x8 fw_att_control_main.cpp.o

.group          0x00000000        0x8
 .group         0x00000000        0x8 fw_att_control_main.cpp.o

.group          0x00000000        0x8
 .group         0x00000000        0x8 fw_att_control_main.cpp.o

.group          0x00000000        0x8
 .group         0x00000000        0x8 fw_att_control_main.cpp.o

.group          0x00000000        0x8
 .group         0x00000000        0x8 fw_att_control_main.cpp.o

.group          0x00000000        0x8
 .group         0x00000000        0x8 fw_att_control_main.cpp.o

.group          0x00000000        0x8
 .group         0x00000000        0x8 fw_att_control_main.cpp.o

.group          0x00000000        0x8
 .group         0x00000000        0x8 fw_att_control_main.cpp.o

.group          0x00000000        0x8
 .group         0x00000000        0x8 fw_att_control_main.cpp.o

.group          0x00000000        0x8
 .group         0x00000000        0x8 fw_att_control_main.cpp.o

.group          0x00000000        0x8
 .group         0x00000000        0x8 fw_att_control_main.cpp.o

.group          0x00000000        0x8
 .group         0x00000000        0x8 fw_att_control_main.cpp.o

.group          0x00000000        0x8
 .group         0x00000000        0x8 fw_att_control_main.cpp.o

.group          0x00000000        0x8
 .group         0x00000000        0x8 fw_att_control_main.cpp.o

.group          0x00000000        0x8
 .group         0x00000000        0x8 fw_att_control_main.cpp.o

.group          0x00000000        0x8
 .group         0x00000000        0x8 fw_att_control_main.cpp.o

.group          0x00000000        0x8
 .group         0x00000000        0x8 fw_att_control_main.cpp.o

.group          0x00000000        0x8
 .group         0x00000000        0x8 fw_att_control_main.cpp.o

.group          0x00000000        0x8
 .group         0x00000000        0x8 fw_att_control_main.cpp.o

.group          0x00000000        0x8
 .group         0x00000000        0x8 fw_att_control_main.cpp.o

.group          0x00000000        0x8
 .group         0x00000000        0x8 fw_att_control_main.cpp.o

.group          0x00000000        0x8
 .group         0x00000000        0x8 fw_att_control_main.cpp.o

.group          0x00000000        0x8
 .group         0x00000000        0x8 fw_att_control_main.cpp.o

.group          0x00000000        0x8
 .group         0x00000000        0x8 fw_att_control_main.cpp.o

.group          0x00000000        0x8
 .group         0x00000000        0x8 fw_att_control_main.cpp.o

.group          0x00000000        0x8
 .group         0x00000000        0x8 fw_att_control_main.cpp.o

.group          0x00000000        0x8
 .group         0x00000000        0x8 fw_att_control_main.cpp.o

.group          0x00000000        0x8
 .group         0x00000000        0x8 fw_att_control_main.cpp.o

.group          0x00000000        0x8
 .group         0x00000000        0x8 fw_att_control_main.cpp.o

.group          0x00000000        0x8
 .group         0x00000000        0x8 fw_att_control_main.cpp.o

.group          0x00000000        0x8
 .group         0x00000000        0x8 fw_att_control_main.cpp.o

.group          0x00000000        0x8
 .group         0x00000000        0x8 fw_att_control_main.cpp.o

.group          0x00000000        0x8
 .group         0x00000000        0x8 fw_att_control_main.cpp.o

.group          0x00000000        0x8
 .group         0x00000000        0x8 fw_att_control_main.cpp.o

.group          0x00000000        0x8
 .group         0x00000000        0x8 fw_att_control_main.cpp.o

.group          0x00000000        0x8
 .group         0x00000000        0x8 fw_att_control_main.cpp.o

.group          0x00000000        0x8
 .group         0x00000000        0x8 fw_att_control_main.cpp.o

.group          0x00000000        0x8
 .group         0x00000000        0x8 fw_att_control_main.cpp.o

.group          0x00000000        0x8
 .group         0x00000000        0x8 fw_att_control_main.cpp.o

.group          0x00000000        0x8
 .group         0x00000000        0x8 fw_att_control_main.cpp.o

.group          0x00000000        0x8
 .group         0x00000000        0x8 fw_att_control_main.cpp.o

.group          0x00000000        0x8
 .group         0x00000000        0x8 fw_att_control_main.cpp.o

.group          0x00000000        0x8
 .group         0x00000000        0x8 fw_att_control_main.cpp.o

.group          0x00000000        0x8
 .group         0x00000000        0x8 fw_att_control_main.cpp.o

.group          0x00000000        0x8
 .group         0x00000000        0x8 fw_att_control_main.cpp.o

.group          0x00000000        0x8
 .group         0x00000000        0x8 fw_att_control_main.cpp.o

.group          0x00000000        0x8
 .group         0x00000000        0x8 fw_att_control_main.cpp.o

.group          0x00000000        0x8
 .group         0x00000000        0x8 fw_att_control_main.cpp.o

.group          0x00000000        0x8
 .group         0x00000000        0x8 fw_att_control_main.cpp.o

.group          0x00000000        0x8
 .group         0x00000000        0x8 fw_att_control_main.cpp.o

.group          0x00000000        0x8
 .group         0x00000000        0x8 fw_att_control_main.cpp.o

.group          0x00000000        0x8
 .group         0x00000000        0x8 fw_att_control_main.cpp.o

.group          0x00000000        0x8
 .group         0x00000000        0x8 fw_att_control_main.cpp.o

.group          0x00000000        0x8
 .group         0x00000000        0x8 fw_att_control_params.c.o

.group          0x00000000        0x8
 .group         0x00000000        0x8 fw_att_control_params.c.o

.group          0x00000000        0x8
 .group         0x00000000        0x8 fw_att_control_params.c.o

.group          0x00000000        0x8
 .group         0x00000000        0x8 fw_att_control_params.c.o

.group          0x00000000        0x8
 .group         0x00000000        0x8 fw_att_control_params.c.o

.group          0x00000000        0x8
 .group         0x00000000        0x8 fw_att_control_params.c.o

.debug
 *(.debug)

.line
 *(.line)

.debug_srcinfo
 *(.debug_srcinfo)

.debug_sfnames
 *(.debug_sfnames)

.debug_aranges  0x00000000       0xf0
 *(.debug_aranges)
 .debug_aranges
                0x00000000       0xd8 fw_att_control_main.cpp.o
 .debug_aranges
                0x000000d8       0x18 fw_att_control_params.c.o

.debug_pubnames
 *(.debug_pubnames)

.debug_info     0x00000000     0xaae5
 *(.debug_info)
 .debug_info    0x00000000     0xa7db fw_att_control_main.cpp.o
 .debug_info    0x0000a7db      0x30a fw_att_control_params.c.o

.debug_abbrev   0x00000000      0x8b7
 *(.debug_abbrev)
 .debug_abbrev  0x00000000      0x7ed fw_att_control_main.cpp.o
 .debug_abbrev  0x000007ed       0xca fw_att_control_params.c.o

.debug_line     0x00000000     0x21da
 *(.debug_line)
 .debug_line    0x00000000     0x1efd fw_att_control_main.cpp.o
 .debug_line    0x00001efd      0x2dd fw_att_control_params.c.o

.debug_frame    0x00000000      0x294
 *(.debug_frame)
 .debug_frame   0x00000000      0x294 fw_att_control_main.cpp.o

.debug_str      0x00000000    0x52fe9
 *(.debug_str)
 .debug_str     0x00000000    0x4d65e fw_att_control_main.cpp.o
 .debug_str     0x0004d65e     0x598b fw_att_control_params.c.o

.debug_loc      0x00000000      0xdb1
 *(.debug_loc)
 .debug_loc     0x00000000      0xdb1 fw_att_control_main.cpp.o

.debug_macinfo
 *(.debug_macinfo)

.debug_weaknames
 *(.debug_weaknames)

.debug_funcnames
 *(.debug_funcnames)

.debug_typenames
 *(.debug_typenames)

.debug_varnames
 *(.debug_varnames)

.debug_pubtypes
 *(.debug_pubtypes)

.debug_ranges   0x00000000      0x318
 *(.debug_ranges)
 .debug_ranges  0x00000000      0x318 fw_att_control_main.cpp.o

.stack
 *(.stack)

.ARM.attributes
                0x00000000       0x37
 *(.ARM.attributes)
 .ARM.attributes
                0x00000000       0x37 fw_att_control_main.cpp.o
 .ARM.attributes
                0x00000037       0x37 fw_att_control_params.c.o
 *(.gnu.attributes)

.note.gnu.arm.ident
 *(.note.gnu.arm.ident)
OUTPUT(/misc/shome/ex36/pixhawk/px4/Firmware/Build/px4fmu-v2_default.build//misc/shome/ex36/pixhawk/px4/Firmware/src/modules/fw_att_control/module.pre.o elf32-littlearm)

.debug_macro    0x00000000      0x7bd
 .debug_macro   0x00000000      0x740 fw_att_control_main.cpp.o
 .debug_macro   0x00000740       0x7d fw_att_control_params.c.o

.debug_macro    0x00000000      0x838
 .debug_macro   0x00000000      0x838 fw_att_control_main.cpp.o

.debug_macro    0x00000000       0x22
 .debug_macro   0x00000000       0x22 fw_att_control_main.cpp.o

.debug_macro    0x00000000      0x8a6
 .debug_macro   0x00000000      0x8a6 fw_att_control_main.cpp.o

.debug_macro    0x00000000       0xc9
 .debug_macro   0x00000000       0xc9 fw_att_control_main.cpp.o

.debug_macro    0x00000000       0x10
 .debug_macro   0x00000000       0x10 fw_att_control_main.cpp.o

.debug_macro    0x00000000       0x88
 .debug_macro   0x00000000       0x88 fw_att_control_main.cpp.o

.debug_macro    0x00000000      0x14e
 .debug_macro   0x00000000      0x14e fw_att_control_main.cpp.o

.debug_macro    0x00000000      0x125
 .debug_macro   0x00000000      0x125 fw_att_control_main.cpp.o

.debug_macro    0x00000000       0x5d
 .debug_macro   0x00000000       0x5d fw_att_control_main.cpp.o

.debug_macro    0x00000000       0x58
 .debug_macro   0x00000000       0x58 fw_att_control_main.cpp.o

.debug_macro    0x00000000       0x4c
 .debug_macro   0x00000000       0x4c fw_att_control_main.cpp.o

.debug_macro    0x00000000       0x49
 .debug_macro   0x00000000       0x49 fw_att_control_main.cpp.o

.debug_macro    0x00000000      0x106
 .debug_macro   0x00000000      0x106 fw_att_control_main.cpp.o

.debug_macro    0x00000000       0x23
 .debug_macro   0x00000000       0x23 fw_att_control_main.cpp.o

.debug_macro    0x00000000       0x28
 .debug_macro   0x00000000       0x28 fw_att_control_main.cpp.o

.debug_macro    0x00000000       0xd1
 .debug_macro   0x00000000       0xd1 fw_att_control_main.cpp.o

.debug_macro    0x00000000       0x98
 .debug_macro   0x00000000       0x98 fw_att_control_main.cpp.o

.debug_macro    0x00000000       0x16
 .debug_macro   0x00000000       0x16 fw_att_control_main.cpp.o

.debug_macro    0x00000000       0x59
 .debug_macro   0x00000000       0x59 fw_att_control_main.cpp.o

.debug_macro    0x00000000      0x11b
 .debug_macro   0x00000000      0x11b fw_att_control_main.cpp.o

.debug_macro    0x00000000       0x46
 .debug_macro   0x00000000       0x46 fw_att_control_main.cpp.o

.debug_macro    0x00000000      0x27f
 .debug_macro   0x00000000      0x27f fw_att_control_main.cpp.o

.debug_macro    0x00000000       0x10
 .debug_macro   0x00000000       0x10 fw_att_control_main.cpp.o

.debug_macro    0x00000000      0x195
 .debug_macro   0x00000000      0x195 fw_att_control_main.cpp.o

.debug_macro    0x00000000       0x8a
 .debug_macro   0x00000000       0x8a fw_att_control_main.cpp.o

.debug_macro    0x00000000       0x10
 .debug_macro   0x00000000       0x10 fw_att_control_main.cpp.o

.debug_macro    0x00000000       0x10
 .debug_macro   0x00000000       0x10 fw_att_control_main.cpp.o

.debug_macro    0x00000000       0x39
 .debug_macro   0x00000000       0x39 fw_att_control_main.cpp.o

.debug_macro    0x00000000       0xb4
 .debug_macro   0x00000000       0xb4 fw_att_control_main.cpp.o

.debug_macro    0x00000000       0x41
 .debug_macro   0x00000000       0x41 fw_att_control_main.cpp.o

.debug_macro    0x00000000       0x4d
 .debug_macro   0x00000000       0x4d fw_att_control_main.cpp.o

.debug_macro    0x00000000       0x5e
 .debug_macro   0x00000000       0x5e fw_att_control_main.cpp.o

.debug_macro    0x00000000       0x22
 .debug_macro   0x00000000       0x22 fw_att_control_main.cpp.o

.debug_macro    0x00000000      0x14d
 .debug_macro   0x00000000      0x14d fw_att_control_main.cpp.o

.debug_macro    0x00000000      0x6c1
 .debug_macro   0x00000000      0x6c1 fw_att_control_main.cpp.o

.debug_macro    0x00000000       0x3a
 .debug_macro   0x00000000       0x3a fw_att_control_main.cpp.o

.debug_macro    0x00000000       0x10
 .debug_macro   0x00000000       0x10 fw_att_control_main.cpp.o

.debug_macro    0x00000000       0x27
 .debug_macro   0x00000000       0x27 fw_att_control_main.cpp.o

.debug_macro    0x00000000       0xa3
 .debug_macro   0x00000000       0xa3 fw_att_control_main.cpp.o

.debug_macro    0x00000000      0x281
 .debug_macro   0x00000000      0x281 fw_att_control_main.cpp.o

.debug_macro    0x00000000       0x59
 .debug_macro   0x00000000       0x59 fw_att_control_main.cpp.o

.debug_macro    0x00000000       0x18
 .debug_macro   0x00000000       0x18 fw_att_control_main.cpp.o

.debug_macro    0x00000000       0x9a
 .debug_macro   0x00000000       0x9a fw_att_control_main.cpp.o

.debug_macro    0x00000000      0x1cf
 .debug_macro   0x00000000      0x1cf fw_att_control_main.cpp.o

.debug_macro    0x00000000      0x16c
 .debug_macro   0x00000000      0x16c fw_att_control_main.cpp.o

.debug_macro    0x00000000       0x16
 .debug_macro   0x00000000       0x16 fw_att_control_main.cpp.o

.debug_macro    0x00000000       0x29
 .debug_macro   0x00000000       0x29 fw_att_control_main.cpp.o

.debug_macro    0x00000000       0x46
 .debug_macro   0x00000000       0x46 fw_att_control_main.cpp.o

.debug_macro    0x00000000       0x22
 .debug_macro   0x00000000       0x22 fw_att_control_main.cpp.o

.debug_macro    0x00000000       0x88
 .debug_macro   0x00000000       0x88 fw_att_control_main.cpp.o

.debug_macro    0x00000000       0x64
 .debug_macro   0x00000000       0x64 fw_att_control_main.cpp.o

.debug_macro    0x00000000       0x78
 .debug_macro   0x00000000       0x78 fw_att_control_main.cpp.o

.debug_macro    0x00000000       0x28
 .debug_macro   0x00000000       0x28 fw_att_control_main.cpp.o

.debug_macro    0x00000000      0x6cb
 .debug_macro   0x00000000      0x6cb fw_att_control_main.cpp.o

.debug_macro    0x00000000      0x20a
 .debug_macro   0x00000000      0x20a fw_att_control_main.cpp.o

.debug_macro    0x00000000      0xf6f
 .debug_macro   0x00000000      0xf6f fw_att_control_main.cpp.o

.debug_macro    0x00000000      0x2ab
 .debug_macro   0x00000000      0x2ab fw_att_control_main.cpp.o

.debug_macro    0x00000000      0x8b5
 .debug_macro   0x00000000      0x8b5 fw_att_control_main.cpp.o

.debug_macro    0x00000000       0x78
 .debug_macro   0x00000000       0x78 fw_att_control_main.cpp.o

.debug_macro    0x00000000      0x14e
 .debug_macro   0x00000000      0x14e fw_att_control_main.cpp.o

.debug_macro    0x00000000      0x7ca
 .debug_macro   0x00000000      0x7ca fw_att_control_main.cpp.o

.debug_macro    0x00000000       0xff
 .debug_macro   0x00000000       0xff fw_att_control_main.cpp.o

.debug_macro    0x00000000      0xae7
 .debug_macro   0x00000000      0xae7 fw_att_control_main.cpp.o

.debug_macro    0x00000000       0x51
 .debug_macro   0x00000000       0x51 fw_att_control_main.cpp.o

.debug_macro    0x00000000      0x11a
 .debug_macro   0x00000000      0x11a fw_att_control_main.cpp.o

.debug_macro    0x00000000       0x16
 .debug_macro   0x00000000       0x16 fw_att_control_main.cpp.o

.debug_macro    0x00000000       0x1d
 .debug_macro   0x00000000       0x1d fw_att_control_main.cpp.o

.debug_macro    0x00000000      0x206
 .debug_macro   0x00000000      0x206 fw_att_control_main.cpp.o

.debug_macro    0x00000000      0x56a
 .debug_macro   0x00000000      0x56a fw_att_control_main.cpp.o

.debug_macro    0x00000000       0x9c
 .debug_macro   0x00000000       0x9c fw_att_control_main.cpp.o

.debug_macro    0x00000000      0x2bf
 .debug_macro   0x00000000      0x2bf fw_att_control_main.cpp.o

.debug_macro    0x00000000       0xd3
 .debug_macro   0x00000000       0xd3 fw_att_control_main.cpp.o

.debug_macro    0x00000000       0x16
 .debug_macro   0x00000000       0x16 fw_att_control_main.cpp.o

.debug_macro    0x00000000       0x34
 .debug_macro   0x00000000       0x34 fw_att_control_main.cpp.o

.debug_macro    0x00000000      0xab0
 .debug_macro   0x00000000      0xab0 fw_att_control_main.cpp.o

.debug_macro    0x00000000       0x17
 .debug_macro   0x00000000       0x17 fw_att_control_main.cpp.o

.debug_macro    0x00000000      0x6fa
 .debug_macro   0x00000000      0x6fa fw_att_control_main.cpp.o

.debug_macro    0x00000000       0x22
 .debug_macro   0x00000000       0x22 fw_att_control_main.cpp.o

.debug_macro    0x00000000      0x596
 .debug_macro   0x00000000      0x596 fw_att_control_main.cpp.o

.debug_macro    0x00000000       0x16
 .debug_macro   0x00000000       0x16 fw_att_control_main.cpp.o

.debug_macro    0x00000000      0x29b
 .debug_macro   0x00000000      0x29b fw_att_control_main.cpp.o

.debug_macro    0x00000000       0x16
 .debug_macro   0x00000000       0x16 fw_att_control_main.cpp.o

.debug_macro    0x00000000     0x15a4
 .debug_macro   0x00000000     0x15a4 fw_att_control_main.cpp.o

.debug_macro    0x00000000       0x53
 .debug_macro   0x00000000       0x53 fw_att_control_main.cpp.o

.debug_macro    0x00000000      0x347
 .debug_macro   0x00000000      0x347 fw_att_control_main.cpp.o

.debug_macro    0x00000000       0x96
 .debug_macro   0x00000000       0x96 fw_att_control_main.cpp.o

.debug_macro    0x00000000       0x1c
 .debug_macro   0x00000000       0x1c fw_att_control_main.cpp.o

.debug_macro    0x00000000      0x413
 .debug_macro   0x00000000      0x413 fw_att_control_main.cpp.o

.debug_macro    0x00000000       0x5f
 .debug_macro   0x00000000       0x5f fw_att_control_main.cpp.o

.debug_macro    0x00000000       0x1d
 .debug_macro   0x00000000       0x1d fw_att_control_main.cpp.o

.debug_macro    0x00000000       0xdf
 .debug_macro   0x00000000       0xdf fw_att_control_main.cpp.o

.debug_macro    0x00000000       0x16
 .debug_macro   0x00000000       0x16 fw_att_control_main.cpp.o

.debug_macro    0x00000000      0x13f
 .debug_macro   0x00000000      0x13f fw_att_control_main.cpp.o

.debug_macro    0x00000000       0x16
 .debug_macro   0x00000000       0x16 fw_att_control_main.cpp.o

.debug_macro    0x00000000       0x1c
 .debug_macro   0x00000000       0x1c fw_att_control_main.cpp.o

.debug_macro    0x00000000      0xdb4
 .debug_macro   0x00000000      0xdb4 fw_att_control_main.cpp.o

.debug_macro    0x00000000       0x16
 .debug_macro   0x00000000       0x16 fw_att_control_main.cpp.o

.debug_macro    0x00000000      0x215
 .debug_macro   0x00000000      0x215 fw_att_control_main.cpp.o

.debug_macro    0x00000000       0x16
 .debug_macro   0x00000000       0x16 fw_att_control_main.cpp.o

.debug_macro    0x00000000       0x2b
 .debug_macro   0x00000000       0x2b fw_att_control_main.cpp.o

.debug_macro    0x00000000      0x168
 .debug_macro   0x00000000      0x168 fw_att_control_main.cpp.o

.debug_macro    0x00000000       0x30
 .debug_macro   0x00000000       0x30 fw_att_control_main.cpp.o

.debug_macro    0x00000000       0x22
 .debug_macro   0x00000000       0x22 fw_att_control_main.cpp.o

.debug_macro    0x00000000       0x20
 .debug_macro   0x00000000       0x20 fw_att_control_main.cpp.o

.debug_macro    0x00000000       0x3b
 .debug_macro   0x00000000       0x3b fw_att_control_main.cpp.o

.debug_macro    0x00000000       0x2d
 .debug_macro   0x00000000       0x2d fw_att_control_main.cpp.o

.debug_macro    0x00000000       0x42
 .debug_macro   0x00000000       0x42 fw_att_control_main.cpp.o

.debug_macro    0x00000000       0xac
 .debug_macro   0x00000000       0xac fw_att_control_main.cpp.o

.debug_macro    0x00000000      0x81a
 .debug_macro   0x00000000      0x81a fw_att_control_params.c.o

.debug_macro    0x00000000       0x22
 .debug_macro   0x00000000       0x22 fw_att_control_params.c.o

.debug_macro    0x00000000       0xc9
 .debug_macro   0x00000000       0xc9 fw_att_control_params.c.o

.debug_macro    0x00000000       0x22
 .debug_macro   0x00000000       0x22 fw_att_control_params.c.o

.debug_macro    0x00000000       0x6f
 .debug_macro   0x00000000       0x6f fw_att_control_params.c.o

.debug_macro    0x00000000       0x25
 .debug_macro   0x00000000       0x25 fw_att_control_params.c.o
