
Memory Configuration

Name             Origin             Length             Attributes
*default*        0x00000000         0xffffffff

Linker script and memory map

LOAD boardinfo.c.o

.interp
 *(.interp)

.note.gnu.build-id
 *(.note.gnu.build-id)

.hash
 *(.hash)

.gnu.hash
 *(.gnu.hash)

.dynsym
 *(.dynsym)

.dynstr
 *(.dynstr)

.gnu.version
 *(.gnu.version)

.gnu.version_d
 *(.gnu.version_d)

.gnu.version_r
 *(.gnu.version_r)

.rel.init
 *(.rel.init)

.rela.init
 *(.rela.init)

.rel.text
 *(.rel.text)

.rela.text
 *(.rela.text)

.rel.fini
 *(.rel.fini)

.rela.fini
 *(.rela.fini)

.rel.rodata
 *(.rel.rodata)

.rela.rodata
 *(.rela.rodata)

.rel.data.rel.ro
 *(.rel.data.rel.ro)

.rela.data.rel.ro
 *(.rela.data.rel.ro)

.rel.data
 *(.rel.data)

.rela.data
 *(.rela.data)

.rel.tdata
 *(.rel.tdata)

.rela.tdata
 *(.rela.tdata)

.rel.tbss
 *(.rel.tbss)

.rela.tbss
 *(.rela.tbss)

.rel.ctors
 *(.rel.ctors)

.rela.ctors
 *(.rela.ctors)

.rel.dtors
 *(.rel.dtors)

.rela.dtors
 *(.rela.dtors)

.rel.got
 *(.rel.got)

.rela.got
 *(.rela.got)

.rel.bss
 *(.rel.bss)

.rela.bss
 *(.rela.bss)

.rel.iplt
 *(.rel.iplt)

.rela.iplt
 *(.rela.iplt)

.rel.plt
 *(.rel.plt)

.rela.plt
 *(.rela.plt)

.init
 *(.init)

.plt
 *(.plt)

.iplt
 *(.iplt)

.text           0x00000000        0x0
 *(.text .stub)
 .text          0x00000000        0x0 boardinfo.c.o
 *(.gnu.warning)

.text.boardinfo_print
                0x00000000       0x64
 .text.boardinfo_print
                0x00000000       0x64 boardinfo.c.o

.text.boardinfo_test_callback
                0x00000000       0x7c
 .text.boardinfo_test_callback
                0x00000000       0x7c boardinfo.c.o

.text.eeprom_read.constprop.6
                0x00000000       0xa8
 .text.eeprom_read.constprop.6
                0x00000000       0xa8 boardinfo.c.o

.text.idrom_read.constprop.5
                0x00000000       0x6c
 .text.idrom_read.constprop.5
                0x00000000       0x6c boardinfo.c.o

.text.boardinfo_main
                0x00000000      0x2a8
 .text.boardinfo_main
                0x00000000      0x2a8 boardinfo.c.o
                0x00000000                boardinfo_main

.fini
 *(.fini)

.rodata
 *(.rodata)

.rodata.eeprom_info
                0x00000000       0x14
 .rodata.eeprom_info
                0x00000000       0x14 boardinfo.c.o
                0x00000000                eeprom_info

.rodata.str1.1  0x00000000      0x259
 .rodata.str1.1
                0x00000000      0x259 boardinfo.c.o

.rodata.board_parameters
                0x00000000       0x20
 .rodata.board_parameters
                0x00000000       0x20 boardinfo.c.o
                0x00000000                board_parameters

.rodata.num_parameters
                0x00000000        0x4
 .rodata.num_parameters
                0x00000000        0x4 boardinfo.c.o
                0x00000000                num_parameters

.rodata1
 *(.rodata1)

.ARM.extab
 *(.ARM.extab)

.ARM.exidx
 *(.ARM.exidx)

.eh_frame_hdr
 *(.eh_frame_hdr)

.eh_frame
 *(.eh_frame)

.gcc_except_table
 *(.gcc_except_table .gcc_except_table.*)

.exception_ranges
 *(.exception_ranges .exception_ranges*)

.eh_frame
 *(.eh_frame)

.gcc_except_table
 *(.gcc_except_table .gcc_except_table.*)

.exception_ranges
 *(.exception_ranges .exception_ranges*)

.tdata
 *(.tdata)

.tbss
 *(.tbss)

.preinit_array
 *(.preinit_array)

.jcr
 *(.jcr)

.dynamic
 *(.dynamic)

.got
 *(.got.plt)
 *(.igot.plt)
 *(.got)
 *(.igot)

.data           0x00000000        0x0
 *(.data)
 .data          0x00000000        0x0 boardinfo.c.o

.data1
 *(.data1)

.bss            0x00000000        0x0
 *(.dynbss)
 *(.bss)
 .bss           0x00000000        0x0 boardinfo.c.o
 *(COMMON)

.bss.test_args  0x00000000        0x8
 .bss.test_args
                0x00000000        0x8 boardinfo.c.o
                0x00000000                test_args

.stab
 *(.stab)

.stabstr
 *(.stabstr)

.stab.excl
 *(.stab.excl)

.stab.exclstr
 *(.stab.exclstr)

.stab.index
 *(.stab.index)

.stab.indexstr
 *(.stab.indexstr)

.comment        0x00000000       0x71
 *(.comment)
 .comment       0x00000000       0x71 boardinfo.c.o

.group          0x00000000        0x8
 .group         0x00000000        0x8 boardinfo.c.o

.group          0x00000000        0x8
 .group         0x00000000        0x8 boardinfo.c.o

.group          0x00000000        0x8
 .group         0x00000000        0x8 boardinfo.c.o

.group          0x00000000        0x8
 .group         0x00000000        0x8 boardinfo.c.o

.group          0x00000000        0x8
 .group         0x00000000        0x8 boardinfo.c.o

.group          0x00000000        0x8
 .group         0x00000000        0x8 boardinfo.c.o

.group          0x00000000        0x8
 .group         0x00000000        0x8 boardinfo.c.o

.group          0x00000000        0x8
 .group         0x00000000        0x8 boardinfo.c.o

.group          0x00000000        0x8
 .group         0x00000000        0x8 boardinfo.c.o

.group          0x00000000        0x8
 .group         0x00000000        0x8 boardinfo.c.o

.group          0x00000000        0x8
 .group         0x00000000        0x8 boardinfo.c.o

.group          0x00000000        0x8
 .group         0x00000000        0x8 boardinfo.c.o

.group          0x00000000        0x8
 .group         0x00000000        0x8 boardinfo.c.o

.group          0x00000000        0x8
 .group         0x00000000        0x8 boardinfo.c.o

.group          0x00000000        0x8
 .group         0x00000000        0x8 boardinfo.c.o

.group          0x00000000        0x8
 .group         0x00000000        0x8 boardinfo.c.o

.group          0x00000000        0x8
 .group         0x00000000        0x8 boardinfo.c.o

.group          0x00000000        0x8
 .group         0x00000000        0x8 boardinfo.c.o

.group          0x00000000        0x8
 .group         0x00000000        0x8 boardinfo.c.o

.group          0x00000000        0x8
 .group         0x00000000        0x8 boardinfo.c.o

.group          0x00000000        0x8
 .group         0x00000000        0x8 boardinfo.c.o

.group          0x00000000        0x8
 .group         0x00000000        0x8 boardinfo.c.o

.group          0x00000000        0x8
 .group         0x00000000        0x8 boardinfo.c.o

.group          0x00000000        0x8
 .group         0x00000000        0x8 boardinfo.c.o

.group          0x00000000        0x8
 .group         0x00000000        0x8 boardinfo.c.o

.group          0x00000000        0x8
 .group         0x00000000        0x8 boardinfo.c.o

.group          0x00000000        0x8
 .group         0x00000000        0x8 boardinfo.c.o

.group          0x00000000        0x8
 .group         0x00000000        0x8 boardinfo.c.o

.group          0x00000000        0x8
 .group         0x00000000        0x8 boardinfo.c.o

.group          0x00000000        0x8
 .group         0x00000000        0x8 boardinfo.c.o

.group          0x00000000        0x8
 .group         0x00000000        0x8 boardinfo.c.o

.group          0x00000000        0x8
 .group         0x00000000        0x8 boardinfo.c.o

.group          0x00000000        0x8
 .group         0x00000000        0x8 boardinfo.c.o

.group          0x00000000        0x8
 .group         0x00000000        0x8 boardinfo.c.o

.group          0x00000000        0x8
 .group         0x00000000        0x8 boardinfo.c.o

.group          0x00000000        0x8
 .group         0x00000000        0x8 boardinfo.c.o

.group          0x00000000        0x8
 .group         0x00000000        0x8 boardinfo.c.o

.debug
 *(.debug)

.line
 *(.line)

.debug_srcinfo
 *(.debug_srcinfo)

.debug_sfnames
 *(.debug_sfnames)

.debug_aranges  0x00000000       0x40
 *(.debug_aranges)
 .debug_aranges
                0x00000000       0x40 boardinfo.c.o

.debug_pubnames
 *(.debug_pubnames)

.debug_info     0x00000000     0x1624
 *(.debug_info)
 .debug_info    0x00000000     0x1624 boardinfo.c.o

.debug_abbrev   0x00000000      0x3a6
 *(.debug_abbrev)
 .debug_abbrev  0x00000000      0x3a6 boardinfo.c.o

.debug_line     0x00000000      0x7f0
 *(.debug_line)
 .debug_line    0x00000000      0x7f0 boardinfo.c.o

.debug_frame    0x00000000       0xc4
 *(.debug_frame)
 .debug_frame   0x00000000       0xc4 boardinfo.c.o

.debug_str      0x00000000     0x9457
 *(.debug_str)
 .debug_str     0x00000000     0x9457 boardinfo.c.o

.debug_loc      0x00000000      0x862
 *(.debug_loc)
 .debug_loc     0x00000000      0x862 boardinfo.c.o

.debug_macinfo
 *(.debug_macinfo)

.debug_weaknames
 *(.debug_weaknames)

.debug_funcnames
 *(.debug_funcnames)

.debug_typenames
 *(.debug_typenames)

.debug_varnames
 *(.debug_varnames)

.debug_pubtypes
 *(.debug_pubtypes)

.debug_ranges   0x00000000       0x90
 *(.debug_ranges)
 .debug_ranges  0x00000000       0x90 boardinfo.c.o

.stack
 *(.stack)

.ARM.attributes
                0x00000000       0x37
 *(.ARM.attributes)
 .ARM.attributes
                0x00000000       0x37 boardinfo.c.o
 *(.gnu.attributes)

.note.gnu.arm.ident
 *(.note.gnu.arm.ident)
OUTPUT(/misc/shome/ex36/pixhawk/px4/Firmware/Build/px4fmu-v2_default.build//misc/shome/ex36/pixhawk/px4/Firmware/src/systemcmds/boardinfo/module.pre.o elf32-littlearm)

.debug_macro    0x00000000      0x1ef
 .debug_macro   0x00000000      0x1ef boardinfo.c.o

.debug_macro    0x00000000      0x81a
 .debug_macro   0x00000000      0x81a boardinfo.c.o

.debug_macro    0x00000000       0x22
 .debug_macro   0x00000000       0x22 boardinfo.c.o

.debug_macro    0x00000000      0x8a6
 .debug_macro   0x00000000      0x8a6 boardinfo.c.o

.debug_macro    0x00000000       0xc9
 .debug_macro   0x00000000       0xc9 boardinfo.c.o

.debug_macro    0x00000000       0x10
 .debug_macro   0x00000000       0x10 boardinfo.c.o

.debug_macro    0x00000000       0x88
 .debug_macro   0x00000000       0x88 boardinfo.c.o

.debug_macro    0x00000000      0x14e
 .debug_macro   0x00000000      0x14e boardinfo.c.o

.debug_macro    0x00000000      0x125
 .debug_macro   0x00000000      0x125 boardinfo.c.o

.debug_macro    0x00000000       0x69
 .debug_macro   0x00000000       0x69 boardinfo.c.o

.debug_macro    0x00000000       0xcb
 .debug_macro   0x00000000       0xcb boardinfo.c.o

.debug_macro    0x00000000       0x58
 .debug_macro   0x00000000       0x58 boardinfo.c.o

.debug_macro    0x00000000       0x4c
 .debug_macro   0x00000000       0x4c boardinfo.c.o

.debug_macro    0x00000000       0x49
 .debug_macro   0x00000000       0x49 boardinfo.c.o

.debug_macro    0x00000000      0x106
 .debug_macro   0x00000000      0x106 boardinfo.c.o

.debug_macro    0x00000000       0x23
 .debug_macro   0x00000000       0x23 boardinfo.c.o

.debug_macro    0x00000000       0x28
 .debug_macro   0x00000000       0x28 boardinfo.c.o

.debug_macro    0x00000000       0x22
 .debug_macro   0x00000000       0x22 boardinfo.c.o

.debug_macro    0x00000000       0x98
 .debug_macro   0x00000000       0x98 boardinfo.c.o

.debug_macro    0x00000000       0x16
 .debug_macro   0x00000000       0x16 boardinfo.c.o

.debug_macro    0x00000000       0x59
 .debug_macro   0x00000000       0x59 boardinfo.c.o

.debug_macro    0x00000000      0x11b
 .debug_macro   0x00000000      0x11b boardinfo.c.o

.debug_macro    0x00000000       0x46
 .debug_macro   0x00000000       0x46 boardinfo.c.o

.debug_macro    0x00000000      0x27f
 .debug_macro   0x00000000      0x27f boardinfo.c.o

.debug_macro    0x00000000       0x10
 .debug_macro   0x00000000       0x10 boardinfo.c.o

.debug_macro    0x00000000      0x195
 .debug_macro   0x00000000      0x195 boardinfo.c.o

.debug_macro    0x00000000       0x8a
 .debug_macro   0x00000000       0x8a boardinfo.c.o

.debug_macro    0x00000000       0x10
 .debug_macro   0x00000000       0x10 boardinfo.c.o

.debug_macro    0x00000000       0x10
 .debug_macro   0x00000000       0x10 boardinfo.c.o

.debug_macro    0x00000000       0x39
 .debug_macro   0x00000000       0x39 boardinfo.c.o

.debug_macro    0x00000000       0xb4
 .debug_macro   0x00000000       0xb4 boardinfo.c.o

.debug_macro    0x00000000       0x41
 .debug_macro   0x00000000       0x41 boardinfo.c.o

.debug_macro    0x00000000       0x4d
 .debug_macro   0x00000000       0x4d boardinfo.c.o

.debug_macro    0x00000000       0x22
 .debug_macro   0x00000000       0x22 boardinfo.c.o

.debug_macro    0x00000000       0x5e
 .debug_macro   0x00000000       0x5e boardinfo.c.o

.debug_macro    0x00000000       0x9c
 .debug_macro   0x00000000       0x9c boardinfo.c.o

.debug_macro    0x00000000      0x184
 .debug_macro   0x00000000      0x184 boardinfo.c.o

.debug_macro    0x00000000       0x16
 .debug_macro   0x00000000       0x16 boardinfo.c.o
