
Memory Configuration

Name             Origin             Length             Attributes
*default*        0x00000000         0xffffffff

Linker script and memory map

LOAD hott_sensors.cpp.o

.interp
 *(.interp)

.note.gnu.build-id
 *(.note.gnu.build-id)

.hash
 *(.hash)

.gnu.hash
 *(.gnu.hash)

.dynsym
 *(.dynsym)

.dynstr
 *(.dynstr)

.gnu.version
 *(.gnu.version)

.gnu.version_d
 *(.gnu.version_d)

.gnu.version_r
 *(.gnu.version_r)

.rel.init
 *(.rel.init)

.rela.init
 *(.rela.init)

.rel.text
 *(.rel.text)

.rela.text
 *(.rela.text)

.rel.fini
 *(.rel.fini)

.rela.fini
 *(.rela.fini)

.rel.rodata
 *(.rel.rodata)

.rela.rodata
 *(.rela.rodata)

.rel.data.rel.ro
 *(.rel.data.rel.ro)

.rela.data.rel.ro
 *(.rela.data.rel.ro)

.rel.data
 *(.rel.data)

.rela.data
 *(.rela.data)

.rel.tdata
 *(.rel.tdata)

.rela.tdata
 *(.rela.tdata)

.rel.tbss
 *(.rel.tbss)

.rela.tbss
 *(.rela.tbss)

.rel.ctors
 *(.rel.ctors)

.rela.ctors
 *(.rela.ctors)

.rel.dtors
 *(.rel.dtors)

.rela.dtors
 *(.rela.dtors)

.rel.got
 *(.rel.got)

.rela.got
 *(.rela.got)

.rel.bss
 *(.rel.bss)

.rela.bss
 *(.rela.bss)

.rel.iplt
 *(.rel.iplt)

.rela.iplt
 *(.rela.iplt)

.rel.plt
 *(.rel.plt)

.rela.plt
 *(.rela.plt)

.init
 *(.init)

.plt
 *(.plt)

.iplt
 *(.iplt)

.text           0x00000000        0x0
 *(.text .stub)
 .text          0x00000000        0x0 hott_sensors.cpp.o
 *(.gnu.warning)

.text._Z24hott_sensors_thread_mainiPPc
                0x00000000      0x17c
 .text._Z24hott_sensors_thread_mainiPPc
                0x00000000      0x17c hott_sensors.cpp.o
                0x00000000                hott_sensors_thread_main(int, char**)

.text.hott_sensors_main
                0x00000000       0xc4
 .text.hott_sensors_main
                0x00000000       0xc4 hott_sensors.cpp.o
                0x00000000                hott_sensors_main

.fini
 *(.fini)

.rodata
 *(.rodata)

.rodata._ZL17commandline_usage
                0x00000000       0x34
 .rodata._ZL17commandline_usage
                0x00000000       0x34 hott_sensors.cpp.o

.rodata.str1.1  0x00000000       0xd1
 .rodata.str1.1
                0x00000000       0xd1 hott_sensors.cpp.o

.rodata._ZL11daemon_name
                0x00000000        0xd
 .rodata._ZL11daemon_name
                0x00000000        0xd hott_sensors.cpp.o

.rodata1
 *(.rodata1)

.ARM.extab
 *(.ARM.extab)

.ARM.exidx
 *(.ARM.exidx)

.eh_frame_hdr
 *(.eh_frame_hdr)

.eh_frame
 *(.eh_frame)

.gcc_except_table
 *(.gcc_except_table .gcc_except_table.*)

.exception_ranges
 *(.exception_ranges .exception_ranges*)

.eh_frame
 *(.eh_frame)

.gcc_except_table
 *(.gcc_except_table .gcc_except_table.*)

.exception_ranges
 *(.exception_ranges .exception_ranges*)

.tdata
 *(.tdata)

.tbss
 *(.tbss)

.preinit_array
 *(.preinit_array)

.jcr
 *(.jcr)

.dynamic
 *(.dynamic)

.got
 *(.got.plt)
 *(.igot.plt)
 *(.got)
 *(.igot)

.data           0x00000000        0x0
 *(.data)
 .data          0x00000000        0x0 hott_sensors.cpp.o

.data1
 *(.data1)

.bss            0x00000000        0x0
 *(.dynbss)
 *(.bss)
 .bss           0x00000000        0x0 hott_sensors.cpp.o
 *(COMMON)

.bss._ZL18thread_should_exit
                0x00000000        0x4
 .bss._ZL18thread_should_exit
                0x00000000        0x4 hott_sensors.cpp.o

.bss._ZL11deamon_task
                0x00000000        0x4
 .bss._ZL11deamon_task
                0x00000000        0x4 hott_sensors.cpp.o

.bss._ZL14thread_running
                0x00000000        0x4
 .bss._ZL14thread_running
                0x00000000        0x4 hott_sensors.cpp.o

.stab
 *(.stab)

.stabstr
 *(.stabstr)

.stab.excl
 *(.stab.excl)

.stab.exclstr
 *(.stab.exclstr)

.stab.index
 *(.stab.index)

.stab.indexstr
 *(.stab.indexstr)

.comment        0x00000000       0x71
 *(.comment)
 .comment       0x00000000       0x71 hott_sensors.cpp.o

.group          0x00000000        0x8
 .group         0x00000000        0x8 hott_sensors.cpp.o

.group          0x00000000        0x8
 .group         0x00000000        0x8 hott_sensors.cpp.o

.group          0x00000000        0x8
 .group         0x00000000        0x8 hott_sensors.cpp.o

.group          0x00000000        0x8
 .group         0x00000000        0x8 hott_sensors.cpp.o

.group          0x00000000        0x8
 .group         0x00000000        0x8 hott_sensors.cpp.o

.group          0x00000000        0x8
 .group         0x00000000        0x8 hott_sensors.cpp.o

.group          0x00000000        0x8
 .group         0x00000000        0x8 hott_sensors.cpp.o

.group          0x00000000        0x8
 .group         0x00000000        0x8 hott_sensors.cpp.o

.group          0x00000000        0x8
 .group         0x00000000        0x8 hott_sensors.cpp.o

.group          0x00000000        0x8
 .group         0x00000000        0x8 hott_sensors.cpp.o

.group          0x00000000        0x8
 .group         0x00000000        0x8 hott_sensors.cpp.o

.group          0x00000000        0x8
 .group         0x00000000        0x8 hott_sensors.cpp.o

.group          0x00000000        0x8
 .group         0x00000000        0x8 hott_sensors.cpp.o

.group          0x00000000        0x8
 .group         0x00000000        0x8 hott_sensors.cpp.o

.group          0x00000000        0x8
 .group         0x00000000        0x8 hott_sensors.cpp.o

.group          0x00000000        0x8
 .group         0x00000000        0x8 hott_sensors.cpp.o

.group          0x00000000        0x8
 .group         0x00000000        0x8 hott_sensors.cpp.o

.group          0x00000000        0x8
 .group         0x00000000        0x8 hott_sensors.cpp.o

.group          0x00000000        0x8
 .group         0x00000000        0x8 hott_sensors.cpp.o

.group          0x00000000        0x8
 .group         0x00000000        0x8 hott_sensors.cpp.o

.group          0x00000000        0x8
 .group         0x00000000        0x8 hott_sensors.cpp.o

.group          0x00000000        0x8
 .group         0x00000000        0x8 hott_sensors.cpp.o

.group          0x00000000        0x8
 .group         0x00000000        0x8 hott_sensors.cpp.o

.group          0x00000000        0x8
 .group         0x00000000        0x8 hott_sensors.cpp.o

.group          0x00000000        0x8
 .group         0x00000000        0x8 hott_sensors.cpp.o

.group          0x00000000        0x8
 .group         0x00000000        0x8 hott_sensors.cpp.o

.group          0x00000000        0x8
 .group         0x00000000        0x8 hott_sensors.cpp.o

.group          0x00000000        0x8
 .group         0x00000000        0x8 hott_sensors.cpp.o

.group          0x00000000        0x8
 .group         0x00000000        0x8 hott_sensors.cpp.o

.group          0x00000000        0x8
 .group         0x00000000        0x8 hott_sensors.cpp.o

.group          0x00000000        0x8
 .group         0x00000000        0x8 hott_sensors.cpp.o

.group          0x00000000        0x8
 .group         0x00000000        0x8 hott_sensors.cpp.o

.group          0x00000000        0x8
 .group         0x00000000        0x8 hott_sensors.cpp.o

.group          0x00000000        0x8
 .group         0x00000000        0x8 hott_sensors.cpp.o

.group          0x00000000        0x8
 .group         0x00000000        0x8 hott_sensors.cpp.o

.group          0x00000000        0x8
 .group         0x00000000        0x8 hott_sensors.cpp.o

.group          0x00000000        0x8
 .group         0x00000000        0x8 hott_sensors.cpp.o

.group          0x00000000        0x8
 .group         0x00000000        0x8 hott_sensors.cpp.o

.group          0x00000000        0x8
 .group         0x00000000        0x8 hott_sensors.cpp.o

.group          0x00000000        0x8
 .group         0x00000000        0x8 hott_sensors.cpp.o

.group          0x00000000        0x8
 .group         0x00000000        0x8 hott_sensors.cpp.o

.debug
 *(.debug)

.line
 *(.line)

.debug_srcinfo
 *(.debug_srcinfo)

.debug_sfnames
 *(.debug_sfnames)

.debug_aranges  0x00000000       0x28
 *(.debug_aranges)
 .debug_aranges
                0x00000000       0x28 hott_sensors.cpp.o

.debug_pubnames
 *(.debug_pubnames)

.debug_info     0x00000000     0x1604
 *(.debug_info)
 .debug_info    0x00000000     0x1604 hott_sensors.cpp.o

.debug_abbrev   0x00000000      0x319
 *(.debug_abbrev)
 .debug_abbrev  0x00000000      0x319 hott_sensors.cpp.o

.debug_line     0x00000000      0x815
 *(.debug_line)
 .debug_line    0x00000000      0x815 hott_sensors.cpp.o

.debug_frame    0x00000000       0x58
 *(.debug_frame)
 .debug_frame   0x00000000       0x58 hott_sensors.cpp.o

.debug_str      0x00000000     0xa7b0
 *(.debug_str)
 .debug_str     0x00000000     0xa7b0 hott_sensors.cpp.o

.debug_loc      0x00000000      0x3c4
 *(.debug_loc)
 .debug_loc     0x00000000      0x3c4 hott_sensors.cpp.o

.debug_macinfo
 *(.debug_macinfo)

.debug_weaknames
 *(.debug_weaknames)

.debug_funcnames
 *(.debug_funcnames)

.debug_typenames
 *(.debug_typenames)

.debug_varnames
 *(.debug_varnames)

.debug_pubtypes
 *(.debug_pubtypes)

.debug_ranges   0x00000000       0x60
 *(.debug_ranges)
 .debug_ranges  0x00000000       0x60 hott_sensors.cpp.o

.stack
 *(.stack)

.ARM.attributes
                0x00000000       0x37
 *(.ARM.attributes)
 .ARM.attributes
                0x00000000       0x37 hott_sensors.cpp.o
 *(.gnu.attributes)

.note.gnu.arm.ident
 *(.note.gnu.arm.ident)
OUTPUT(/misc/shome/ex36/pixhawk/px4/Firmware/Build/px4fmu-v2_default.build//misc/shome/ex36/pixhawk/px4/Firmware/src/drivers/hott/hott_sensors/module.pre.o elf32-littlearm)

.debug_macro    0x00000000      0x235
 .debug_macro   0x00000000      0x235 hott_sensors.cpp.o

.debug_macro    0x00000000      0x838
 .debug_macro   0x00000000      0x838 hott_sensors.cpp.o

.debug_macro    0x00000000       0x22
 .debug_macro   0x00000000       0x22 hott_sensors.cpp.o

.debug_macro    0x00000000      0x8a6
 .debug_macro   0x00000000      0x8a6 hott_sensors.cpp.o

.debug_macro    0x00000000       0xc9
 .debug_macro   0x00000000       0xc9 hott_sensors.cpp.o

.debug_macro    0x00000000       0x10
 .debug_macro   0x00000000       0x10 hott_sensors.cpp.o

.debug_macro    0x00000000       0x88
 .debug_macro   0x00000000       0x88 hott_sensors.cpp.o

.debug_macro    0x00000000      0x14e
 .debug_macro   0x00000000      0x14e hott_sensors.cpp.o

.debug_macro    0x00000000      0x125
 .debug_macro   0x00000000      0x125 hott_sensors.cpp.o

.debug_macro    0x00000000       0x5d
 .debug_macro   0x00000000       0x5d hott_sensors.cpp.o

.debug_macro    0x00000000      0x147
 .debug_macro   0x00000000      0x147 hott_sensors.cpp.o

.debug_macro    0x00000000       0x23
 .debug_macro   0x00000000       0x23 hott_sensors.cpp.o

.debug_macro    0x00000000       0x53
 .debug_macro   0x00000000       0x53 hott_sensors.cpp.o

.debug_macro    0x00000000       0x5e
 .debug_macro   0x00000000       0x5e hott_sensors.cpp.o

.debug_macro    0x00000000       0x58
 .debug_macro   0x00000000       0x58 hott_sensors.cpp.o

.debug_macro    0x00000000       0x4c
 .debug_macro   0x00000000       0x4c hott_sensors.cpp.o

.debug_macro    0x00000000       0x49
 .debug_macro   0x00000000       0x49 hott_sensors.cpp.o

.debug_macro    0x00000000      0x106
 .debug_macro   0x00000000      0x106 hott_sensors.cpp.o

.debug_macro    0x00000000       0x28
 .debug_macro   0x00000000       0x28 hott_sensors.cpp.o

.debug_macro    0x00000000       0xd1
 .debug_macro   0x00000000       0xd1 hott_sensors.cpp.o

.debug_macro    0x00000000       0x98
 .debug_macro   0x00000000       0x98 hott_sensors.cpp.o

.debug_macro    0x00000000       0x16
 .debug_macro   0x00000000       0x16 hott_sensors.cpp.o

.debug_macro    0x00000000       0x59
 .debug_macro   0x00000000       0x59 hott_sensors.cpp.o

.debug_macro    0x00000000      0x11b
 .debug_macro   0x00000000      0x11b hott_sensors.cpp.o

.debug_macro    0x00000000       0x46
 .debug_macro   0x00000000       0x46 hott_sensors.cpp.o

.debug_macro    0x00000000      0x27f
 .debug_macro   0x00000000      0x27f hott_sensors.cpp.o

.debug_macro    0x00000000       0x10
 .debug_macro   0x00000000       0x10 hott_sensors.cpp.o

.debug_macro    0x00000000      0x195
 .debug_macro   0x00000000      0x195 hott_sensors.cpp.o

.debug_macro    0x00000000       0x8a
 .debug_macro   0x00000000       0x8a hott_sensors.cpp.o

.debug_macro    0x00000000       0x10
 .debug_macro   0x00000000       0x10 hott_sensors.cpp.o

.debug_macro    0x00000000       0x10
 .debug_macro   0x00000000       0x10 hott_sensors.cpp.o

.debug_macro    0x00000000       0x39
 .debug_macro   0x00000000       0x39 hott_sensors.cpp.o

.debug_macro    0x00000000       0xb4
 .debug_macro   0x00000000       0xb4 hott_sensors.cpp.o

.debug_macro    0x00000000       0x41
 .debug_macro   0x00000000       0x41 hott_sensors.cpp.o

.debug_macro    0x00000000       0x4d
 .debug_macro   0x00000000       0x4d hott_sensors.cpp.o

.debug_macro    0x00000000       0x22
 .debug_macro   0x00000000       0x22 hott_sensors.cpp.o

.debug_macro    0x00000000       0x9a
 .debug_macro   0x00000000       0x9a hott_sensors.cpp.o

.debug_macro    0x00000000      0x1cf
 .debug_macro   0x00000000      0x1cf hott_sensors.cpp.o

.debug_macro    0x00000000      0x16c
 .debug_macro   0x00000000      0x16c hott_sensors.cpp.o

.debug_macro    0x00000000       0x16
 .debug_macro   0x00000000       0x16 hott_sensors.cpp.o

.debug_macro    0x00000000      0x168
 .debug_macro   0x00000000      0x168 hott_sensors.cpp.o

.debug_macro    0x00000000       0x5b
 .debug_macro   0x00000000       0x5b hott_sensors.cpp.o
